<?xml version="1.0" encoding="ISO-8859-1" ?>
<link_info>
   <banner>TI ARM Clang Linker PC v3.2.2.LTS</banner>
   <copyright>Copyright (c) 1996-2018 Texas Instruments Incorporated</copyright>
   <link_time>0x67474aa7</link_time>
   <link_errors>0x0</link_errors>
   <output_file>C:\Users\coope\workspace_v12\gpiointerrupt_CC3220SF_LAUNCHXL_nortos_ticlang\MCU+Image\gpiointerrupt_CC3220SF_LAUNCHXL_nortos_ticlang.out</output_file>
   <entry_point>
      <name>resetISR</name>
      <address>0x1003689</address>
   </entry_point>
   <input_file_list>
      <input_file id="fl-1">
         <path>C:\Users\coope\workspace_v12\gpiointerrupt_CC3220SF_LAUNCHXL_nortos_ticlang\MCU+Image\.\</path>
         <kind>object</kind>
         <file>gpiointerrupt.o</file>
         <name>gpiointerrupt.o</name>
      </input_file>
      <input_file id="fl-2">
         <path>C:\Users\coope\workspace_v12\gpiointerrupt_CC3220SF_LAUNCHXL_nortos_ticlang\MCU+Image\.\syscfg\</path>
         <kind>object</kind>
         <file>ti_drivers_config.o</file>
         <name>ti_drivers_config.o</name>
      </input_file>
      <input_file id="fl-3">
         <path>C:\Users\coope\workspace_v12\gpiointerrupt_CC3220SF_LAUNCHXL_nortos_ticlang\MCU+Image\.\</path>
         <kind>object</kind>
         <file>main_nortos.o</file>
         <name>main_nortos.o</name>
      </input_file>
      <input_file id="fl-13">
         <path>C:\Users\coope\workspace_v12\gpiointerrupt_CC3220SF_LAUNCHXL_nortos_ticlang\MCU+Image\</path>
         <kind>object</kind>
         <file>&lt;internal&gt;</file>
         <name>&lt;internal&gt;</name>
      </input_file>
      <input_file id="fl-14">
         <path>C:\ti\simplelink_cc32xx_sdk_7_10_00_13\source\ti\drivers\lib\ticlang\m4\</path>
         <kind>archive</kind>
         <file>drivers_cc32xx.a</file>
         <name>GPIO.c.obj</name>
      </input_file>
      <input_file id="fl-15">
         <path>C:\ti\simplelink_cc32xx_sdk_7_10_00_13\source\ti\drivers\lib\ticlang\m4\</path>
         <kind>archive</kind>
         <file>drivers_cc32xx.a</file>
         <name>GPIOCC32XX.c.obj</name>
      </input_file>
      <input_file id="fl-16">
         <path>C:\ti\simplelink_cc32xx_sdk_7_10_00_13\source\ti\drivers\lib\ticlang\m4\</path>
         <kind>archive</kind>
         <file>drivers_cc32xx.a</file>
         <name>PowerCC32XX.c.obj</name>
      </input_file>
      <input_file id="fl-17">
         <path>C:\ti\simplelink_cc32xx_sdk_7_10_00_13\source\ti\drivers\lib\ticlang\m4\</path>
         <kind>archive</kind>
         <file>drivers_cc32xx.a</file>
         <name>PowerCC32XX_ticlang.asm.obj</name>
      </input_file>
      <input_file id="fl-18">
         <path>C:\ti\simplelink_cc32xx_sdk_7_10_00_13\source\ti\drivers\lib\ticlang\m4\</path>
         <kind>archive</kind>
         <file>drivers_cc32xx.a</file>
         <name>Timer.c.obj</name>
      </input_file>
      <input_file id="fl-19">
         <path>C:\ti\simplelink_cc32xx_sdk_7_10_00_13\source\ti\drivers\lib\ticlang\m4\</path>
         <kind>archive</kind>
         <file>drivers_cc32xx.a</file>
         <name>TimerCC32XX.c.obj</name>
      </input_file>
      <input_file id="fl-1a">
         <path>C:\ti\simplelink_cc32xx_sdk_7_10_00_13\source\ti\drivers\lib\ticlang\m4\</path>
         <kind>archive</kind>
         <file>drivers_cc32xx.a</file>
         <name>List.c.obj</name>
      </input_file>
      <input_file id="fl-1b">
         <path>C:\ti\simplelink_cc32xx_sdk_7_10_00_13\kernel\nortos\lib\ticlang\m4\</path>
         <kind>archive</kind>
         <file>nortos_cc32xx.a</file>
         <name>NoRTOS.c.obj</name>
      </input_file>
      <input_file id="fl-1c">
         <path>C:\ti\simplelink_cc32xx_sdk_7_10_00_13\kernel\nortos\lib\ticlang\m4\</path>
         <kind>archive</kind>
         <file>nortos_cc32xx.a</file>
         <name>SemaphoreP_nortos.c.obj</name>
      </input_file>
      <input_file id="fl-1d">
         <path>C:\ti\simplelink_cc32xx_sdk_7_10_00_13\kernel\nortos\lib\ticlang\m4\</path>
         <kind>archive</kind>
         <file>nortos_cc32xx.a</file>
         <name>ClockPSysTick_nortos.c.obj</name>
      </input_file>
      <input_file id="fl-1e">
         <path>C:\ti\simplelink_cc32xx_sdk_7_10_00_13\kernel\nortos\lib\ticlang\m4\</path>
         <kind>archive</kind>
         <file>nortos_cc32xx.a</file>
         <name>HwiPCC32XX_nortos.c.obj</name>
      </input_file>
      <input_file id="fl-1f">
         <path>C:\ti\simplelink_cc32xx_sdk_7_10_00_13\kernel\nortos\lib\ticlang\m4\</path>
         <kind>archive</kind>
         <file>nortos_cc32xx.a</file>
         <name>PowerCC32XX_nortos.c.obj</name>
      </input_file>
      <input_file id="fl-20">
         <path>C:\ti\simplelink_cc32xx_sdk_7_10_00_13\kernel\nortos\lib\ticlang\m4\</path>
         <kind>archive</kind>
         <file>nortos_cc32xx.a</file>
         <name>startup_cc32xx_ticlang.c.obj</name>
      </input_file>
      <input_file id="fl-21">
         <path>C:\ti\simplelink_cc32xx_sdk_7_10_00_13\kernel\nortos\lib\ticlang\m4\</path>
         <kind>archive</kind>
         <file>nortos_cc32xx.a</file>
         <name>SwiP_nortos.c.obj</name>
      </input_file>
      <input_file id="fl-22">
         <path>C:\ti\simplelink_cc32xx_sdk_7_10_00_13\source\ti\devices\cc32xx\driverlib\ticlang\Release\</path>
         <kind>archive</kind>
         <file>driverlib.a</file>
         <name>cpu.obj</name>
      </input_file>
      <input_file id="fl-23">
         <path>C:\ti\simplelink_cc32xx_sdk_7_10_00_13\source\ti\devices\cc32xx\driverlib\ticlang\Release\</path>
         <kind>archive</kind>
         <file>driverlib.a</file>
         <name>gpio.obj</name>
      </input_file>
      <input_file id="fl-24">
         <path>C:\ti\simplelink_cc32xx_sdk_7_10_00_13\source\ti\devices\cc32xx\driverlib\ticlang\Release\</path>
         <kind>archive</kind>
         <file>driverlib.a</file>
         <name>hwspinlock.obj</name>
      </input_file>
      <input_file id="fl-25">
         <path>C:\ti\simplelink_cc32xx_sdk_7_10_00_13\source\ti\devices\cc32xx\driverlib\ticlang\Release\</path>
         <kind>archive</kind>
         <file>driverlib.a</file>
         <name>interrupt.obj</name>
      </input_file>
      <input_file id="fl-26">
         <path>C:\ti\simplelink_cc32xx_sdk_7_10_00_13\source\ti\devices\cc32xx\driverlib\ticlang\Release\</path>
         <kind>archive</kind>
         <file>driverlib.a</file>
         <name>pin.obj</name>
      </input_file>
      <input_file id="fl-27">
         <path>C:\ti\simplelink_cc32xx_sdk_7_10_00_13\source\ti\devices\cc32xx\driverlib\ticlang\Release\</path>
         <kind>archive</kind>
         <file>driverlib.a</file>
         <name>prcm.obj</name>
      </input_file>
      <input_file id="fl-28">
         <path>C:\ti\simplelink_cc32xx_sdk_7_10_00_13\source\ti\devices\cc32xx\driverlib\ticlang\Release\</path>
         <kind>archive</kind>
         <file>driverlib.a</file>
         <name>spi.obj</name>
      </input_file>
      <input_file id="fl-29">
         <path>C:\ti\simplelink_cc32xx_sdk_7_10_00_13\source\ti\devices\cc32xx\driverlib\ticlang\Release\</path>
         <kind>archive</kind>
         <file>driverlib.a</file>
         <name>systick.obj</name>
      </input_file>
      <input_file id="fl-2a">
         <path>C:\ti\simplelink_cc32xx_sdk_7_10_00_13\source\ti\devices\cc32xx\driverlib\ticlang\Release\</path>
         <kind>archive</kind>
         <file>driverlib.a</file>
         <name>timer.obj</name>
      </input_file>
      <input_file id="fl-2b">
         <path>C:\ti\simplelink_cc32xx_sdk_7_10_00_13\source\ti\devices\cc32xx\driverlib\ticlang\Release\</path>
         <kind>archive</kind>
         <file>driverlib.a</file>
         <name>utils.obj</name>
      </input_file>
      <input_file id="fl-2c">
         <path>C:\ti\simplelink_cc32xx_sdk_7_10_00_13\source\ti\devices\cc32xx\driverlib\ticlang\Release\</path>
         <kind>archive</kind>
         <file>driverlib.a</file>
         <name>flash.obj</name>
      </input_file>
      <input_file id="fl-3b">
         <path>C:\ti\ccs1281\ccs\tools\compiler\ti-cgt-armllvm_3.2.2.LTS\lib\armv7em-ti-none-eabi\c\</path>
         <kind>archive</kind>
         <file>libc.a</file>
         <name>memory.c.obj</name>
      </input_file>
      <input_file id="fl-3c">
         <path>C:\ti\ccs1281\ccs\tools\compiler\ti-cgt-armllvm_3.2.2.LTS\lib\armv7em-ti-none-eabi\c\</path>
         <kind>archive</kind>
         <file>libc.a</file>
         <name>boot_cortex_m.c.obj</name>
      </input_file>
      <input_file id="fl-3d">
         <path>C:\ti\ccs1281\ccs\tools\compiler\ti-cgt-armllvm_3.2.2.LTS\lib\armv7em-ti-none-eabi\c\</path>
         <kind>archive</kind>
         <file>libc.a</file>
         <name>mathacl_init.c.obj</name>
      </input_file>
      <input_file id="fl-3e">
         <path>C:\ti\ccs1281\ccs\tools\compiler\ti-cgt-armllvm_3.2.2.LTS\lib\armv7em-ti-none-eabi\c\</path>
         <kind>archive</kind>
         <file>libc.a</file>
         <name>autoinit.c.obj</name>
      </input_file>
      <input_file id="fl-3f">
         <path>C:\ti\ccs1281\ccs\tools\compiler\ti-cgt-armllvm_3.2.2.LTS\lib\armv7em-ti-none-eabi\c\</path>
         <kind>archive</kind>
         <file>libc.a</file>
         <name>pre_init.c.obj</name>
      </input_file>
      <input_file id="fl-40">
         <path>C:\ti\ccs1281\ccs\tools\compiler\ti-cgt-armllvm_3.2.2.LTS\lib\armv7em-ti-none-eabi\c\</path>
         <kind>archive</kind>
         <file>libc.a</file>
         <name>cpy_tbl.c.obj</name>
      </input_file>
      <input_file id="fl-41">
         <path>C:\ti\ccs1281\ccs\tools\compiler\ti-cgt-armllvm_3.2.2.LTS\lib\armv7em-ti-none-eabi\c\</path>
         <kind>archive</kind>
         <file>libc.a</file>
         <name>copy_zero_init.c.obj</name>
      </input_file>
      <input_file id="fl-42">
         <path>C:\ti\ccs1281\ccs\tools\compiler\ti-cgt-armllvm_3.2.2.LTS\lib\armv7em-ti-none-eabi\c\</path>
         <kind>archive</kind>
         <file>libc.a</file>
         <name>copy_decompress_none.c.obj</name>
      </input_file>
      <input_file id="fl-43">
         <path>C:\ti\ccs1281\ccs\tools\compiler\ti-cgt-armllvm_3.2.2.LTS\lib\armv7em-ti-none-eabi\c\</path>
         <kind>archive</kind>
         <file>libc.a</file>
         <name>copy_decompress_lzss.c.obj</name>
      </input_file>
      <input_file id="fl-44">
         <path>C:\ti\ccs1281\ccs\tools\compiler\ti-cgt-armllvm_3.2.2.LTS\lib\armv7em-ti-none-eabi\c\</path>
         <kind>archive</kind>
         <file>libc.a</file>
         <name>exit.c.obj</name>
      </input_file>
      <input_file id="fl-45">
         <path>C:\ti\ccs1281\ccs\tools\compiler\ti-cgt-armllvm_3.2.2.LTS\lib\armv7em-ti-none-eabi\c\</path>
         <kind>archive</kind>
         <file>libc.a</file>
         <name>_lock.c.obj</name>
      </input_file>
      <input_file id="fl-46">
         <path>C:\ti\ccs1281\ccs\tools\compiler\ti-cgt-armllvm_3.2.2.LTS\lib\armv7em-ti-none-eabi\c\</path>
         <kind>archive</kind>
         <file>libc.a</file>
         <name>args_main.c.obj</name>
      </input_file>
      <input_file id="fl-ac">
         <path>C:\ti\ccs1281\ccs\tools\compiler\ti-cgt-armllvm_3.2.2.LTS\lib\clang\15.0.7\lib\armv7em-ti-none-eabi\</path>
         <kind>archive</kind>
         <file>libclang_rt.builtins.a</file>
         <name>aeabi_memcpy.S.obj</name>
      </input_file>
      <input_file id="fl-ad">
         <path>C:\ti\ccs1281\ccs\tools\compiler\ti-cgt-armllvm_3.2.2.LTS\lib\clang\15.0.7\lib\armv7em-ti-none-eabi\</path>
         <kind>archive</kind>
         <file>libclang_rt.builtins.a</file>
         <name>aeabi_memset.S.obj</name>
      </input_file>
      <input_file id="fl-ae">
         <path>C:\ti\ccs1281\ccs\tools\compiler\ti-cgt-armllvm_3.2.2.LTS\lib\clang\15.0.7\lib\armv7em-ti-none-eabi\</path>
         <kind>archive</kind>
         <file>libclang_rt.builtins.a</file>
         <name>aeabi_uldivmod.S.obj</name>
      </input_file>
      <input_file id="fl-af">
         <path>C:\ti\ccs1281\ccs\tools\compiler\ti-cgt-armllvm_3.2.2.LTS\lib\clang\15.0.7\lib\armv7em-ti-none-eabi\</path>
         <kind>archive</kind>
         <file>libclang_rt.builtins.a</file>
         <name>udivmoddi4.S.obj</name>
      </input_file>
      <input_file id="fl-b0">
         <path>C:\ti\ccs1281\ccs\tools\compiler\ti-cgt-armllvm_3.2.2.LTS\lib\clang\15.0.7\lib\armv7em-ti-none-eabi\</path>
         <kind>archive</kind>
         <file>libclang_rt.builtins.a</file>
         <name>aeabi_div0.c.obj</name>
      </input_file>
      <input_file id="fl-b1">
         <path>C:\ti\ccs1281\ccs\tools\compiler\ti-cgt-armllvm_3.2.2.LTS\lib\armv7em-ti-none-eabi\c\</path>
         <kind>archive</kind>
         <file>libc.a</file>
         <name>memcpy_t2.S.obj</name>
      </input_file>
      <input_file id="fl-b2">
         <path>C:\ti\ccs1281\ccs\tools\compiler\ti-cgt-armllvm_3.2.2.LTS\lib\armv7em-ti-none-eabi\c\</path>
         <kind>archive</kind>
         <file>libc.a</file>
         <name>memset_t2.S.obj</name>
      </input_file>
   </input_file_list>
   <object_component_list>
      <object_component id="oc-d3">
         <name>.text.PRCMCC3200MCUInit</name>
         <load_address>0x1000840</load_address>
         <readonly>true</readonly>
         <executable>true</executable>
         <run_address>0x1000840</run_address>
         <size>0x4b8</size>
         <alignment>0x2</alignment>
         <input_file_ref idref="fl-27"/>
      </object_component>
      <object_component id="oc-1c0">
         <name>.text.Power_sleep</name>
         <load_address>0x1000cf8</load_address>
         <readonly>true</readonly>
         <executable>true</executable>
         <run_address>0x1000cf8</run_address>
         <size>0x3e4</size>
         <alignment>0x4</alignment>
         <input_file_ref idref="fl-16"/>
      </object_component>
      <object_component id="oc-166">
         <name>.text.PowerCC32XX_sleepPolicy</name>
         <load_address>0x10010dc</load_address>
         <readonly>true</readonly>
         <executable>true</executable>
         <run_address>0x10010dc</run_address>
         <size>0x150</size>
         <alignment>0x4</alignment>
         <input_file_ref idref="fl-1f"/>
      </object_component>
      <object_component id="oc-140">
         <name>.text.Timer_open</name>
         <load_address>0x100122c</load_address>
         <readonly>true</readonly>
         <executable>true</executable>
         <run_address>0x100122c</run_address>
         <size>0x148</size>
         <alignment>0x4</alignment>
         <input_file_ref idref="fl-19"/>
      </object_component>
      <object_component id="oc-122">
         <name>.text.GPIO_setConfig</name>
         <load_address>0x1001374</load_address>
         <readonly>true</readonly>
         <executable>true</executable>
         <run_address>0x1001374</run_address>
         <size>0x140</size>
         <alignment>0x4</alignment>
         <input_file_ref idref="fl-15"/>
      </object_component>
      <object_component id="oc-211">
         <name>.text.aligned_alloc</name>
         <load_address>0x10014b4</load_address>
         <readonly>true</readonly>
         <executable>true</executable>
         <run_address>0x10014b4</run_address>
         <size>0x120</size>
         <alignment>0x4</alignment>
         <input_file_ref idref="fl-3b"/>
      </object_component>
      <object_component id="oc-16d">
         <name>.text.free</name>
         <load_address>0x10015d4</load_address>
         <readonly>true</readonly>
         <executable>true</executable>
         <run_address>0x10015d4</run_address>
         <size>0xf0</size>
         <alignment>0x4</alignment>
         <input_file_ref idref="fl-3b"/>
      </object_component>
      <object_component id="oc-239">
         <name>.text.IntDisable</name>
         <load_address>0x10016c4</load_address>
         <readonly>true</readonly>
         <executable>true</executable>
         <run_address>0x10016c4</run_address>
         <size>0xc8</size>
         <alignment>0x2</alignment>
         <input_file_ref idref="fl-25"/>
      </object_component>
      <object_component id="oc-215">
         <name>.text.IntEnable</name>
         <load_address>0x100178c</load_address>
         <readonly>true</readonly>
         <executable>true</executable>
         <run_address>0x100178c</run_address>
         <size>0xc8</size>
         <alignment>0x2</alignment>
         <input_file_ref idref="fl-25"/>
      </object_component>
      <object_component id="oc-1f6">
         <name>.text</name>
         <load_address>0x1001854</load_address>
         <readonly>true</readonly>
         <executable>true</executable>
         <run_address>0x1001854</run_address>
         <size>0xb0</size>
         <alignment>0x4</alignment>
         <input_file_ref idref="fl-af"/>
      </object_component>
      <object_component id="oc-1d3">
         <name>.text.GPIOIntTypeSet</name>
         <load_address>0x1001904</load_address>
         <readonly>true</readonly>
         <executable>true</executable>
         <run_address>0x1001904</run_address>
         <size>0xac</size>
         <alignment>0x2</alignment>
         <input_file_ref idref="fl-23"/>
      </object_component>
      <object_component id="oc-233">
         <name>.text.IntPendSet</name>
         <load_address>0x10019b0</load_address>
         <readonly>true</readonly>
         <executable>true</executable>
         <run_address>0x10019b0</run_address>
         <size>0xa4</size>
         <alignment>0x2</alignment>
         <input_file_ref idref="fl-25"/>
      </object_component>
      <object_component id="oc-175">
         <name>.text.PinConfigSet</name>
         <load_address>0x1001a54</load_address>
         <readonly>true</readonly>
         <executable>true</executable>
         <run_address>0x1001a54</run_address>
         <size>0xa2</size>
         <alignment>0x2</alignment>
         <input_file_ref idref="fl-26"/>
      </object_component>
      <object_component id="oc-e3">
         <name>.text.Board_initHook</name>
         <load_address>0x1001af6</load_address>
         <readonly>true</readonly>
         <executable>true</executable>
         <run_address>0x1001af6</run_address>
         <size>0x2</size>
         <alignment>0x2</alignment>
         <input_file_ref idref="fl-2"/>
      </object_component>
      <object_component id="oc-121">
         <name>.text.SemaphoreP_pend</name>
         <load_address>0x1001af8</load_address>
         <readonly>true</readonly>
         <executable>true</executable>
         <run_address>0x1001af8</run_address>
         <size>0x98</size>
         <alignment>0x4</alignment>
         <input_file_ref idref="fl-1c"/>
      </object_component>
      <object_component id="oc-203">
         <name>.text</name>
         <load_address>0x1001b90</load_address>
         <readonly>true</readonly>
         <executable>true</executable>
         <run_address>0x1001b90</run_address>
         <size>0x96</size>
         <alignment>0x10</alignment>
         <input_file_ref idref="fl-17"/>
      </object_component>
      <object_component id="oc-161">
         <name>.text.PowerCC32XX_initPolicy</name>
         <load_address>0x1001c26</load_address>
         <readonly>true</readonly>
         <executable>true</executable>
         <run_address>0x1001c26</run_address>
         <size>0x2</size>
         <alignment>0x2</alignment>
         <input_file_ref idref="fl-1f"/>
      </object_component>
      <object_component id="oc-dd">
         <name>.text.GPIO_init</name>
         <load_address>0x1001c28</load_address>
         <readonly>true</readonly>
         <executable>true</executable>
         <run_address>0x1001c28</run_address>
         <size>0x90</size>
         <alignment>0x4</alignment>
         <input_file_ref idref="fl-15"/>
      </object_component>
      <object_component id="oc-100">
         <name>.text.PRCMSysResetCauseGet</name>
         <load_address>0x1001cb8</load_address>
         <readonly>true</readonly>
         <executable>true</executable>
         <run_address>0x1001cb8</run_address>
         <size>0x8e</size>
         <alignment>0x2</alignment>
         <input_file_ref idref="fl-27"/>
      </object_component>
      <object_component id="oc-1de">
         <name>.text.SemaphoreP_destruct</name>
         <load_address>0x1001d46</load_address>
         <readonly>true</readonly>
         <executable>true</executable>
         <run_address>0x1001d46</run_address>
         <size>0x2</size>
         <alignment>0x2</alignment>
         <input_file_ref idref="fl-1c"/>
      </object_component>
      <object_component id="oc-112">
         <name>.text.PowerCC32XX_configureWakeup</name>
         <load_address>0x1001d48</load_address>
         <readonly>true</readonly>
         <executable>true</executable>
         <run_address>0x1001d48</run_address>
         <size>0x88</size>
         <alignment>0x4</alignment>
         <input_file_ref idref="fl-16"/>
      </object_component>
      <object_component id="oc-d8">
         <name>.text.Power_init</name>
         <load_address>0x1001dd0</load_address>
         <readonly>true</readonly>
         <executable>true</executable>
         <run_address>0x1001dd0</run_address>
         <size>0x78</size>
         <alignment>0x4</alignment>
         <input_file_ref idref="fl-16"/>
      </object_component>
      <object_component id="oc-1d0">
         <name>.text.HwiP_construct</name>
         <load_address>0x1001e48</load_address>
         <readonly>true</readonly>
         <executable>true</executable>
         <run_address>0x1001e48</run_address>
         <size>0x74</size>
         <alignment>0x4</alignment>
         <input_file_ref idref="fl-1e"/>
      </object_component>
      <object_component id="oc-15e">
         <name>.text.PRCMHibernateWakeUpGPIOSelect</name>
         <load_address>0x1001ebc</load_address>
         <readonly>true</readonly>
         <executable>true</executable>
         <run_address>0x1001ebc</run_address>
         <size>0x74</size>
         <alignment>0x2</alignment>
         <input_file_ref idref="fl-27"/>
      </object_component>
      <object_component id="oc-19">
         <name>.text:decompress:lzss</name>
         <load_address>0x1001f30</load_address>
         <readonly>true</readonly>
         <executable>true</executable>
         <run_address>0x1001f30</run_address>
         <size>0x70</size>
         <alignment>0x2</alignment>
         <input_file_ref idref="fl-43"/>
      </object_component>
      <object_component id="oc-200">
         <name>.text.PinLockLevelSet</name>
         <load_address>0x1001fa0</load_address>
         <readonly>true</readonly>
         <executable>true</executable>
         <run_address>0x1001fa0</run_address>
         <size>0x6c</size>
         <alignment>0x2</alignment>
         <input_file_ref idref="fl-26"/>
      </object_component>
      <object_component id="oc-176">
         <name>.text.Power_setDependency</name>
         <load_address>0x100200c</load_address>
         <readonly>true</readonly>
         <executable>true</executable>
         <run_address>0x100200c</run_address>
         <size>0x6c</size>
         <alignment>0x4</alignment>
         <input_file_ref idref="fl-16"/>
      </object_component>
      <object_component id="oc-129">
         <name>.text.powerNotifyFxn</name>
         <load_address>0x1002078</load_address>
         <readonly>true</readonly>
         <executable>true</executable>
         <run_address>0x1002078</run_address>
         <size>0x6c</size>
         <alignment>0x4</alignment>
         <input_file_ref idref="fl-15"/>
      </object_component>
      <object_component id="oc-234">
         <name>.text.split</name>
         <load_address>0x10020e4</load_address>
         <readonly>true</readonly>
         <executable>true</executable>
         <run_address>0x10020e4</run_address>
         <size>0x6c</size>
         <alignment>0x4</alignment>
         <input_file_ref idref="fl-3b"/>
      </object_component>
      <object_component id="oc-108">
         <name>.text.PRCMPeripheralReset</name>
         <load_address>0x1002150</load_address>
         <readonly>true</readonly>
         <executable>true</executable>
         <run_address>0x1002150</run_address>
         <size>0x6a</size>
         <alignment>0x2</alignment>
         <input_file_ref idref="fl-27"/>
      </object_component>
      <object_component id="oc-21a">
         <name>.text.IntPendClear</name>
         <load_address>0x10021ba</load_address>
         <readonly>true</readonly>
         <executable>true</executable>
         <run_address>0x10021ba</run_address>
         <size>0x68</size>
         <alignment>0x2</alignment>
         <input_file_ref idref="fl-25"/>
      </object_component>
      <object_component id="oc-139">
         <name>.text.Timer_init</name>
         <load_address>0x1002222</load_address>
         <readonly>true</readonly>
         <executable>true</executable>
         <run_address>0x1002222</run_address>
         <size>0x2</size>
         <alignment>0x2</alignment>
         <input_file_ref idref="fl-18"/>
      </object_component>
      <object_component id="oc-ee">
         <name>.text.init_system</name>
         <load_address>0x1002224</load_address>
         <readonly>true</readonly>
         <executable>true</executable>
         <run_address>0x1002224</run_address>
         <size>0x68</size>
         <alignment>0x4</alignment>
         <input_file_ref idref="fl-1"/>
      </object_component>
      <object_component id="oc-130">
         <name>.text.GPIO_write</name>
         <load_address>0x100228c</load_address>
         <readonly>true</readonly>
         <executable>true</executable>
         <run_address>0x100228c</run_address>
         <size>0x60</size>
         <alignment>0x4</alignment>
         <input_file_ref idref="fl-15"/>
      </object_component>
      <object_component id="oc-1a8">
         <name>.text.Timer_setPeriod</name>
         <load_address>0x10022ec</load_address>
         <readonly>true</readonly>
         <executable>true</executable>
         <run_address>0x10022ec</run_address>
         <size>0x60</size>
         <alignment>0x4</alignment>
         <input_file_ref idref="fl-18"/>
      </object_component>
      <object_component id="oc-22e">
         <name>.text.FlashDisable</name>
         <load_address>0x100234c</load_address>
         <readonly>true</readonly>
         <executable>true</executable>
         <run_address>0x100234c</run_address>
         <size>0x5c</size>
         <alignment>0x2</alignment>
         <input_file_ref idref="fl-2c"/>
      </object_component>
      <object_component id="oc-160">
         <name>.text.PRCMHibernateWakeupSourceDisable</name>
         <load_address>0x10023a8</load_address>
         <readonly>true</readonly>
         <executable>true</executable>
         <run_address>0x10023a8</run_address>
         <size>0x5c</size>
         <alignment>0x2</alignment>
         <input_file_ref idref="fl-27"/>
      </object_component>
      <object_component id="oc-198">
         <name>.text.TimerCC32XX_allocateTimerResource</name>
         <load_address>0x1002404</load_address>
         <readonly>true</readonly>
         <executable>true</executable>
         <run_address>0x1002404</run_address>
         <size>0x5c</size>
         <alignment>0x4</alignment>
         <input_file_ref idref="fl-19"/>
      </object_component>
      <object_component id="oc-107">
         <name>.text.PRCMPeripheralClkEnable</name>
         <load_address>0x1002460</load_address>
         <readonly>true</readonly>
         <executable>true</executable>
         <run_address>0x1002460</run_address>
         <size>0x5a</size>
         <alignment>0x2</alignment>
         <input_file_ref idref="fl-27"/>
      </object_component>
      <object_component id="oc-222">
         <name>.text.__aeabi_ldiv0</name>
         <load_address>0x10024ba</load_address>
         <readonly>true</readonly>
         <executable>true</executable>
         <run_address>0x10024ba</run_address>
         <size>0x2</size>
         <alignment>0x2</alignment>
         <input_file_ref idref="fl-b0"/>
      </object_component>
      <object_component id="oc-1f4">
         <name>.text.ClockP_startup</name>
         <load_address>0x10024bc</load_address>
         <readonly>true</readonly>
         <executable>true</executable>
         <run_address>0x10024bc</run_address>
         <size>0x58</size>
         <alignment>0x4</alignment>
         <input_file_ref idref="fl-1d"/>
      </object_component>
      <object_component id="oc-214">
         <name>.text.IntPrioritySet</name>
         <load_address>0x1002514</load_address>
         <readonly>true</readonly>
         <executable>true</executable>
         <run_address>0x1002514</run_address>
         <size>0x58</size>
         <alignment>0x2</alignment>
         <input_file_ref idref="fl-25"/>
      </object_component>
      <object_component id="oc-f0">
         <name>.text.blinkMorse</name>
         <load_address>0x100256c</load_address>
         <readonly>true</readonly>
         <executable>true</executable>
         <run_address>0x100256c</run_address>
         <size>0x58</size>
         <alignment>0x4</alignment>
         <input_file_ref idref="fl-1"/>
      </object_component>
      <object_component id="oc-20d">
         <name>.text.PRCMLPDSEnter</name>
         <load_address>0x10025c4</load_address>
         <readonly>true</readonly>
         <executable>true</executable>
         <run_address>0x10025c4</run_address>
         <size>0x56</size>
         <alignment>0x2</alignment>
         <input_file_ref idref="fl-27"/>
      </object_component>
      <object_component id="oc-14c">
         <name>.text._nop</name>
         <load_address>0x100261a</load_address>
         <readonly>true</readonly>
         <executable>true</executable>
         <run_address>0x100261a</run_address>
         <size>0x2</size>
         <alignment>0x2</alignment>
         <input_file_ref idref="fl-45"/>
      </object_component>
      <object_component id="oc-18f">
         <name>.text.PowerCC32XX_setParkState</name>
         <load_address>0x100261c</load_address>
         <readonly>true</readonly>
         <executable>true</executable>
         <run_address>0x100261c</run_address>
         <size>0x54</size>
         <alignment>0x4</alignment>
         <input_file_ref idref="fl-16"/>
      </object_component>
      <object_component id="oc-21c">
         <name>.text.Power_releaseDependency</name>
         <load_address>0x1002670</load_address>
         <readonly>true</readonly>
         <executable>true</executable>
         <run_address>0x1002670</run_address>
         <size>0x54</size>
         <alignment>0x4</alignment>
         <input_file_ref idref="fl-16"/>
      </object_component>
      <object_component id="oc-183">
         <name>.text.GPIO_hwiIntFxn</name>
         <load_address>0x10026c4</load_address>
         <readonly>true</readonly>
         <executable>true</executable>
         <run_address>0x10026c4</run_address>
         <size>0x50</size>
         <alignment>0x4</alignment>
         <input_file_ref idref="fl-15"/>
      </object_component>
      <object_component id="oc-15f">
         <name>.text.PRCMHibernateWakeupSourceEnable</name>
         <load_address>0x1002714</load_address>
         <readonly>true</readonly>
         <executable>true</executable>
         <run_address>0x1002714</run_address>
         <size>0x50</size>
         <alignment>0x2</alignment>
         <input_file_ref idref="fl-27"/>
      </object_component>
      <object_component id="oc-1ca">
         <name>.text.SemaphoreP_construct</name>
         <load_address>0x1002764</load_address>
         <readonly>true</readonly>
         <executable>true</executable>
         <run_address>0x1002764</run_address>
         <size>0x50</size>
         <alignment>0x4</alignment>
         <input_file_ref idref="fl-1c"/>
      </object_component>
      <object_component id="oc-17f">
         <name>.text.GPIO_setInterruptConfig</name>
         <load_address>0x10027b4</load_address>
         <readonly>true</readonly>
         <executable>true</executable>
         <run_address>0x10027b4</run_address>
         <size>0x4c</size>
         <alignment>0x4</alignment>
         <input_file_ref idref="fl-15"/>
      </object_component>
      <object_component id="oc-22c">
         <name>.text.PRCMLPDSRestoreInfoSet</name>
         <load_address>0x1002800</load_address>
         <readonly>true</readonly>
         <executable>true</executable>
         <run_address>0x1002800</run_address>
         <size>0x4c</size>
         <alignment>0x2</alignment>
         <input_file_ref idref="fl-27"/>
      </object_component>
      <object_component id="oc-19d">
         <name>.text.initHw</name>
         <load_address>0x100284c</load_address>
         <readonly>true</readonly>
         <executable>true</executable>
         <run_address>0x100284c</run_address>
         <size>0x4c</size>
         <alignment>0x2</alignment>
         <input_file_ref idref="fl-19"/>
      </object_component>
      <object_component id="oc-19c">
         <name>.text.getPrescaler</name>
         <load_address>0x1002898</load_address>
         <readonly>true</readonly>
         <executable>true</executable>
         <run_address>0x1002898</run_address>
         <size>0x4a</size>
         <alignment>0x2</alignment>
         <input_file_ref idref="fl-19"/>
      </object_component>
      <object_component id="oc-58">
         <name>.text.busFaultHandler</name>
         <load_address>0x10028e2</load_address>
         <readonly>true</readonly>
         <executable>true</executable>
         <run_address>0x10028e2</run_address>
         <size>0x2</size>
         <alignment>0x2</alignment>
         <input_file_ref idref="fl-20"/>
      </object_component>
      <object_component id="oc-59">
         <name>.text.ClockP_sysTickHandler</name>
         <load_address>0x10028e4</load_address>
         <readonly>true</readonly>
         <executable>true</executable>
         <run_address>0x10028e4</run_address>
         <size>0x48</size>
         <alignment>0x4</alignment>
         <input_file_ref idref="fl-1d"/>
      </object_component>
      <object_component id="oc-207">
         <name>.text.PRCMIntEnable</name>
         <load_address>0x100292c</load_address>
         <readonly>true</readonly>
         <executable>true</executable>
         <run_address>0x100292c</run_address>
         <size>0x48</size>
         <alignment>0x2</alignment>
         <input_file_ref idref="fl-27"/>
      </object_component>
      <object_component id="oc-1cf">
         <name>.text.PRCMPeripheralStatusGet</name>
         <load_address>0x1002974</load_address>
         <readonly>true</readonly>
         <executable>true</executable>
         <run_address>0x1002974</run_address>
         <size>0x48</size>
         <alignment>0x2</alignment>
         <input_file_ref idref="fl-27"/>
      </object_component>
      <object_component id="oc-229">
         <name>.text.PinConfigGet</name>
         <load_address>0x10029bc</load_address>
         <readonly>true</readonly>
         <executable>true</executable>
         <run_address>0x10029bc</run_address>
         <size>0x48</size>
         <alignment>0x2</alignment>
         <input_file_ref idref="fl-26"/>
      </object_component>
      <object_component id="oc-20c">
         <name>.text.PRCMLPDSEnterKeepDebugIf</name>
         <load_address>0x1002a04</load_address>
         <readonly>true</readonly>
         <executable>true</executable>
         <run_address>0x1002a04</run_address>
         <size>0x46</size>
         <alignment>0x2</alignment>
         <input_file_ref idref="fl-27"/>
      </object_component>
      <object_component id="oc-179">
         <name>.text.GPIODirModeSet</name>
         <load_address>0x1002a4a</load_address>
         <readonly>true</readonly>
         <executable>true</executable>
         <run_address>0x1002a4a</run_address>
         <size>0x44</size>
         <alignment>0x2</alignment>
         <input_file_ref idref="fl-23"/>
      </object_component>
      <object_component id="oc-174">
         <name>.text.clkFxn</name>
         <load_address>0x1002a8e</load_address>
         <readonly>true</readonly>
         <executable>true</executable>
         <run_address>0x1002a8e</run_address>
         <size>0x2</size>
         <alignment>0x2</alignment>
         <input_file_ref idref="fl-1c"/>
      </object_component>
      <object_component id="oc-1d4">
         <name>.text.GPIO_disableInt</name>
         <load_address>0x1002a90</load_address>
         <readonly>true</readonly>
         <executable>true</executable>
         <run_address>0x1002a90</run_address>
         <size>0x44</size>
         <alignment>0x4</alignment>
         <input_file_ref idref="fl-15"/>
      </object_component>
      <object_component id="oc-136">
         <name>.text.GPIO_enableInt</name>
         <load_address>0x1002ad4</load_address>
         <readonly>true</readonly>
         <executable>true</executable>
         <run_address>0x1002ad4</run_address>
         <size>0x44</size>
         <alignment>0x4</alignment>
         <input_file_ref idref="fl-15"/>
      </object_component>
      <object_component id="oc-220">
         <name>.text.Power_releaseConstraint</name>
         <load_address>0x1002b18</load_address>
         <readonly>true</readonly>
         <executable>true</executable>
         <run_address>0x1002b18</run_address>
         <size>0x44</size>
         <alignment>0x4</alignment>
         <input_file_ref idref="fl-16"/>
      </object_component>
      <object_component id="oc-146">
         <name>.text.Timer_start</name>
         <load_address>0x1002b5c</load_address>
         <readonly>true</readonly>
         <executable>true</executable>
         <run_address>0x1002b5c</run_address>
         <size>0x44</size>
         <alignment>0x2</alignment>
         <input_file_ref idref="fl-18"/>
      </object_component>
      <object_component id="oc-7e">
         <name>.text.addToList</name>
         <load_address>0x1002ba0</load_address>
         <readonly>true</readonly>
         <executable>true</executable>
         <run_address>0x1002ba0</run_address>
         <size>0x44</size>
         <alignment>0x4</alignment>
         <input_file_ref idref="fl-1d"/>
      </object_component>
      <object_component id="oc-ef">
         <name>.text.initTimer</name>
         <load_address>0x1002be4</load_address>
         <readonly>true</readonly>
         <executable>true</executable>
         <run_address>0x1002be4</run_address>
         <size>0x44</size>
         <alignment>0x4</alignment>
         <input_file_ref idref="fl-1"/>
      </object_component>
      <object_component id="oc-10f">
         <name>.text.PinModeSet</name>
         <load_address>0x1002c28</load_address>
         <readonly>true</readonly>
         <executable>true</executable>
         <run_address>0x1002c28</run_address>
         <size>0x42</size>
         <alignment>0x2</alignment>
         <input_file_ref idref="fl-26"/>
      </object_component>
      <object_component id="oc-1e7">
         <name>.text.TimerControlStall</name>
         <load_address>0x1002c6a</load_address>
         <readonly>true</readonly>
         <executable>true</executable>
         <run_address>0x1002c6a</run_address>
         <size>0x42</size>
         <alignment>0x2</alignment>
         <input_file_ref idref="fl-2a"/>
      </object_component>
      <object_component id="oc-19b">
         <name>.text.Timer_close</name>
         <load_address>0x1002cac</load_address>
         <readonly>true</readonly>
         <executable>true</executable>
         <run_address>0x1002cac</run_address>
         <size>0x42</size>
         <alignment>0x2</alignment>
         <input_file_ref idref="fl-19"/>
      </object_component>
      <object_component id="oc-1b5">
         <name>.text.getCountsRTC</name>
         <load_address>0x1002cee</load_address>
         <readonly>true</readonly>
         <executable>true</executable>
         <run_address>0x1002cee</run_address>
         <size>0x42</size>
         <alignment>0x2</alignment>
         <input_file_ref idref="fl-1f"/>
      </object_component>
      <object_component id="oc-124">
         <name>.text.SemaphoreP_post</name>
         <load_address>0x1002d30</load_address>
         <readonly>true</readonly>
         <executable>true</executable>
         <run_address>0x1002d30</run_address>
         <size>0x40</size>
         <alignment>0x4</alignment>
         <input_file_ref idref="fl-1c"/>
      </object_component>
      <object_component id="oc-1a7">
         <name>.text.Timer_stop</name>
         <load_address>0x1002d70</load_address>
         <readonly>true</readonly>
         <executable>true</executable>
         <run_address>0x1002d70</run_address>
         <size>0x40</size>
         <alignment>0x2</alignment>
         <input_file_ref idref="fl-18"/>
      </object_component>
      <object_component id="oc-22b">
         <name>.text.PinDirModeSet</name>
         <load_address>0x1002db0</load_address>
         <readonly>true</readonly>
         <executable>true</executable>
         <run_address>0x1002db0</run_address>
         <size>0x3e</size>
         <alignment>0x2</alignment>
         <input_file_ref idref="fl-26"/>
      </object_component>
      <object_component id="oc-57">
         <name>.text.defaultHandler</name>
         <load_address>0x1002dee</load_address>
         <readonly>true</readonly>
         <executable>true</executable>
         <run_address>0x1002dee</run_address>
         <size>0x2</size>
         <alignment>0x2</alignment>
         <input_file_ref idref="fl-20"/>
      </object_component>
      <object_component id="oc-1ce">
         <name>.text.ClockP_stop</name>
         <load_address>0x1002df0</load_address>
         <readonly>true</readonly>
         <executable>true</executable>
         <run_address>0x1002df0</run_address>
         <size>0x3c</size>
         <alignment>0x4</alignment>
         <input_file_ref idref="fl-1d"/>
      </object_component>
      <object_component id="oc-1a5">
         <name>.text.TimerSupport_timerEnable</name>
         <load_address>0x1002e2c</load_address>
         <readonly>true</readonly>
         <executable>true</executable>
         <run_address>0x1002e2c</run_address>
         <size>0x3a</size>
         <alignment>0x2</alignment>
         <input_file_ref idref="fl-19"/>
      </object_component>
      <object_component id="oc-56">
         <name>.text.faultISR</name>
         <load_address>0x1002e66</load_address>
         <readonly>true</readonly>
         <executable>true</executable>
         <run_address>0x1002e66</run_address>
         <size>0x2</size>
         <alignment>0x2</alignment>
         <input_file_ref idref="fl-20"/>
      </object_component>
      <object_component id="oc-173">
         <name>.text.ClockP_destruct</name>
         <load_address>0x1002e68</load_address>
         <readonly>true</readonly>
         <executable>true</executable>
         <run_address>0x1002e68</run_address>
         <size>0x38</size>
         <alignment>0x4</alignment>
         <input_file_ref idref="fl-1d"/>
      </object_component>
      <object_component id="oc-1ec">
         <name>.text.Power_setConstraint</name>
         <load_address>0x1002ea0</load_address>
         <readonly>true</readonly>
         <executable>true</executable>
         <run_address>0x1002ea0</run_address>
         <size>0x38</size>
         <alignment>0x4</alignment>
         <input_file_ref idref="fl-16"/>
      </object_component>
      <object_component id="oc-1c6">
         <name>.text.SwiP_restore</name>
         <load_address>0x1002ed8</load_address>
         <readonly>true</readonly>
         <executable>true</executable>
         <run_address>0x1002ed8</run_address>
         <size>0x38</size>
         <alignment>0x4</alignment>
         <input_file_ref idref="fl-21"/>
      </object_component>
      <object_component id="oc-c0">
         <name>.text:__TI_auto_init_nobinit_nopinit</name>
         <load_address>0x1002f10</load_address>
         <readonly>true</readonly>
         <executable>true</executable>
         <run_address>0x1002f10</run_address>
         <size>0x38</size>
         <alignment>0x4</alignment>
         <input_file_ref idref="fl-3e"/>
      </object_component>
      <object_component id="oc-202">
         <name>.text.PinLock</name>
         <load_address>0x1002f48</load_address>
         <readonly>true</readonly>
         <executable>true</executable>
         <run_address>0x1002f48</run_address>
         <size>0x36</size>
         <alignment>0x2</alignment>
         <input_file_ref idref="fl-26"/>
      </object_component>
      <object_component id="oc-1a2">
         <name>.text.TimerCC32XX_hwiIntFunction</name>
         <load_address>0x1002f7e</load_address>
         <readonly>true</readonly>
         <executable>true</executable>
         <run_address>0x1002f7e</run_address>
         <size>0x36</size>
         <alignment>0x2</alignment>
         <input_file_ref idref="fl-19"/>
      </object_component>
      <object_component id="oc-170">
         <name>.text.ClockP_start</name>
         <load_address>0x1002fb4</load_address>
         <readonly>true</readonly>
         <executable>true</executable>
         <run_address>0x1002fb4</run_address>
         <size>0x34</size>
         <alignment>0x4</alignment>
         <input_file_ref idref="fl-1d"/>
      </object_component>
      <object_component id="oc-22a">
         <name>.text.PinDirModeGet</name>
         <load_address>0x1002fe8</load_address>
         <readonly>true</readonly>
         <executable>true</executable>
         <run_address>0x1002fe8</run_address>
         <size>0x34</size>
         <alignment>0x2</alignment>
         <input_file_ref idref="fl-26"/>
      </object_component>
      <object_component id="oc-10a">
         <name>.text.PinModeGet</name>
         <load_address>0x100301c</load_address>
         <readonly>true</readonly>
         <executable>true</executable>
         <run_address>0x100301c</run_address>
         <size>0x34</size>
         <alignment>0x2</alignment>
         <input_file_ref idref="fl-26"/>
      </object_component>
      <object_component id="oc-1ff">
         <name>.text.PowerCC32XX_parkPin</name>
         <load_address>0x1003050</load_address>
         <readonly>true</readonly>
         <executable>true</executable>
         <run_address>0x1003050</run_address>
         <size>0x34</size>
         <alignment>0x2</alignment>
         <input_file_ref idref="fl-16"/>
      </object_component>
      <object_component id="oc-1df">
         <name>.text.TimerCC32XX_freeTimerResource</name>
         <load_address>0x1003084</load_address>
         <readonly>true</readonly>
         <executable>true</executable>
         <run_address>0x1003084</run_address>
         <size>0x34</size>
         <alignment>0x4</alignment>
         <input_file_ref idref="fl-19"/>
      </object_component>
      <object_component id="oc-50">
         <name>.text.initVectors</name>
         <load_address>0x10030b8</load_address>
         <readonly>true</readonly>
         <executable>true</executable>
         <run_address>0x10030b8</run_address>
         <size>0x34</size>
         <alignment>0x4</alignment>
         <input_file_ref idref="fl-20"/>
      </object_component>
      <object_component id="oc-14b">
         <name>.text.setTimerPeriod</name>
         <load_address>0x10030ec</load_address>
         <readonly>true</readonly>
         <executable>true</executable>
         <run_address>0x10030ec</run_address>
         <size>0x34</size>
         <alignment>0x4</alignment>
         <input_file_ref idref="fl-1"/>
      </object_component>
      <object_component id="oc-1b2">
         <name>.text.ClockP_getTicksUntilInterrupt</name>
         <load_address>0x1003120</load_address>
         <readonly>true</readonly>
         <executable>true</executable>
         <run_address>0x1003120</run_address>
         <size>0x30</size>
         <alignment>0x4</alignment>
         <input_file_ref idref="fl-1d"/>
      </object_component>
      <object_component id="oc-1bf">
         <name>.text.PRCMLPDSIntervalSet</name>
         <load_address>0x1003150</load_address>
         <readonly>true</readonly>
         <executable>true</executable>
         <run_address>0x1003150</run_address>
         <size>0x30</size>
         <alignment>0x2</alignment>
         <input_file_ref idref="fl-27"/>
      </object_component>
      <object_component id="oc-1f5">
         <name>.text.PRCMSlowClkCtrFastGet</name>
         <load_address>0x1003180</load_address>
         <readonly>true</readonly>
         <executable>true</executable>
         <run_address>0x1003180</run_address>
         <size>0x30</size>
         <alignment>0x2</alignment>
         <input_file_ref idref="fl-27"/>
      </object_component>
      <object_component id="oc-1e6">
         <name>.text.TimerLoadSet</name>
         <load_address>0x10031b0</load_address>
         <readonly>true</readonly>
         <executable>true</executable>
         <run_address>0x10031b0</run_address>
         <size>0x30</size>
         <alignment>0x2</alignment>
         <input_file_ref idref="fl-2a"/>
      </object_component>
      <object_component id="oc-1e5">
         <name>.text.TimerPrescaleSet</name>
         <load_address>0x10031e0</load_address>
         <readonly>true</readonly>
         <executable>true</executable>
         <run_address>0x10031e0</run_address>
         <size>0x30</size>
         <alignment>0x2</alignment>
         <input_file_ref idref="fl-2a"/>
      </object_component>
      <object_component id="oc-b1">
         <name>.text.mainThread</name>
         <load_address>0x1003210</load_address>
         <readonly>true</readonly>
         <executable>true</executable>
         <run_address>0x1003210</run_address>
         <size>0x30</size>
         <alignment>0x4</alignment>
         <input_file_ref idref="fl-1"/>
      </object_component>
      <object_component id="oc-1fd">
         <name>.text.notify</name>
         <load_address>0x1003240</load_address>
         <readonly>true</readonly>
         <executable>true</executable>
         <run_address>0x1003240</run_address>
         <size>0x30</size>
         <alignment>0x4</alignment>
         <input_file_ref idref="fl-16"/>
      </object_component>
      <object_component id="oc-1d6">
         <name>.text.GPIOIntStatus</name>
         <load_address>0x1003270</load_address>
         <readonly>true</readonly>
         <executable>true</executable>
         <run_address>0x1003270</run_address>
         <size>0x2e</size>
         <alignment>0x2</alignment>
         <input_file_ref idref="fl-23"/>
      </object_component>
      <object_component id="oc-55">
         <name>.text.nmiISR</name>
         <load_address>0x100329e</load_address>
         <readonly>true</readonly>
         <executable>true</executable>
         <run_address>0x100329e</run_address>
         <size>0x2</size>
         <alignment>0x2</alignment>
         <input_file_ref idref="fl-20"/>
      </object_component>
      <object_component id="oc-14a">
         <name>.text.blink_dash</name>
         <load_address>0x10032a0</load_address>
         <readonly>true</readonly>
         <executable>true</executable>
         <run_address>0x10032a0</run_address>
         <size>0x2c</size>
         <alignment>0x4</alignment>
         <input_file_ref idref="fl-1"/>
      </object_component>
      <object_component id="oc-149">
         <name>.text.blink_dot</name>
         <load_address>0x10032cc</load_address>
         <readonly>true</readonly>
         <executable>true</executable>
         <run_address>0x10032cc</run_address>
         <size>0x2c</size>
         <alignment>0x4</alignment>
         <input_file_ref idref="fl-1"/>
      </object_component>
      <object_component id="oc-178">
         <name>.text.HwiP_create</name>
         <load_address>0x10032f8</load_address>
         <readonly>true</readonly>
         <executable>true</executable>
         <run_address>0x10032f8</run_address>
         <size>0x2a</size>
         <alignment>0x2</alignment>
         <input_file_ref idref="fl-1e"/>
      </object_component>
      <object_component id="oc-15d">
         <name>.text.PRCMLPDSWakeUpGPIOSelect</name>
         <load_address>0x1003322</load_address>
         <readonly>true</readonly>
         <executable>true</executable>
         <run_address>0x1003322</run_address>
         <size>0x2a</size>
         <alignment>0x2</alignment>
         <input_file_ref idref="fl-27"/>
      </object_component>
      <object_component id="oc-109">
         <name>.text.PRCMPeripheralClkDisable</name>
         <load_address>0x100334c</load_address>
         <readonly>true</readonly>
         <executable>true</executable>
         <run_address>0x100334c</run_address>
         <size>0x2a</size>
         <alignment>0x2</alignment>
         <input_file_ref idref="fl-27"/>
      </object_component>
      <object_component id="oc-219">
         <name>.text.List_remove</name>
         <load_address>0x1003376</load_address>
         <readonly>true</readonly>
         <executable>true</executable>
         <run_address>0x1003376</run_address>
         <size>0x28</size>
         <alignment>0x2</alignment>
         <input_file_ref idref="fl-1a"/>
      </object_component>
      <object_component id="oc-1fe">
         <name>.text.PRCMSRAMRetentionEnable</name>
         <load_address>0x100339e</load_address>
         <readonly>true</readonly>
         <executable>true</executable>
         <run_address>0x100339e</run_address>
         <size>0x28</size>
         <alignment>0x2</alignment>
         <input_file_ref idref="fl-27"/>
      </object_component>
      <object_component id="oc-1ee">
         <name>.text.TimerSupport_timerDisable</name>
         <load_address>0x10033c6</load_address>
         <readonly>true</readonly>
         <executable>true</executable>
         <run_address>0x10033c6</run_address>
         <size>0x28</size>
         <alignment>0x2</alignment>
         <input_file_ref idref="fl-19"/>
      </object_component>
      <object_component id="oc-1f0">
         <name>.text.TimerSupport_timerLoad</name>
         <load_address>0x10033ee</load_address>
         <readonly>true</readonly>
         <executable>true</executable>
         <run_address>0x10033ee</run_address>
         <size>0x28</size>
         <alignment>0x2</alignment>
         <input_file_ref idref="fl-19"/>
      </object_component>
      <object_component id="oc-1cd">
         <name>.text.free_list_insert</name>
         <load_address>0x1003418</load_address>
         <readonly>true</readonly>
         <executable>true</executable>
         <run_address>0x1003418</run_address>
         <size>0x28</size>
         <alignment>0x4</alignment>
         <input_file_ref idref="fl-3b"/>
      </object_component>
      <object_component id="oc-23a">
         <name>.text.IntUnregister</name>
         <load_address>0x1003440</load_address>
         <readonly>true</readonly>
         <executable>true</executable>
         <run_address>0x1003440</run_address>
         <size>0x24</size>
         <alignment>0x2</alignment>
         <input_file_ref idref="fl-25"/>
      </object_component>
      <object_component id="oc-184">
         <name>.text.List_put</name>
         <load_address>0x1003464</load_address>
         <readonly>true</readonly>
         <executable>true</executable>
         <run_address>0x1003464</run_address>
         <size>0x24</size>
         <alignment>0x2</alignment>
         <input_file_ref idref="fl-1a"/>
      </object_component>
      <object_component id="oc-15b">
         <name>.text.PRCMLPDSWakeupSourceEnable</name>
         <load_address>0x1003488</load_address>
         <readonly>true</readonly>
         <executable>true</executable>
         <run_address>0x1003488</run_address>
         <size>0x24</size>
         <alignment>0x2</alignment>
         <input_file_ref idref="fl-27"/>
      </object_component>
      <object_component id="oc-209">
         <name>.text.PowerCC32XX_restoreParkedPin</name>
         <load_address>0x10034ac</load_address>
         <readonly>true</readonly>
         <executable>true</executable>
         <run_address>0x10034ac</run_address>
         <size>0x24</size>
         <alignment>0x2</alignment>
         <input_file_ref idref="fl-16"/>
      </object_component>
      <object_component id="oc-123">
         <name>.text.Power_registerNotify</name>
         <load_address>0x10034d0</load_address>
         <readonly>true</readonly>
         <executable>true</executable>
         <run_address>0x10034d0</run_address>
         <size>0x24</size>
         <alignment>0x4</alignment>
         <input_file_ref idref="fl-16"/>
      </object_component>
      <object_component id="oc-77">
         <name>.text:_c_int00_noargs</name>
         <load_address>0x10034f4</load_address>
         <readonly>true</readonly>
         <executable>true</executable>
         <run_address>0x10034f4</run_address>
         <size>0x24</size>
         <alignment>0x4</alignment>
         <input_file_ref idref="fl-3c"/>
      </object_component>
      <object_component id="oc-17e">
         <name>.text.GPIOPinWrite</name>
         <load_address>0x1003518</load_address>
         <readonly>true</readonly>
         <executable>true</executable>
         <run_address>0x1003518</run_address>
         <size>0x22</size>
         <alignment>0x2</alignment>
         <input_file_ref idref="fl-23"/>
      </object_component>
      <object_component id="oc-208">
         <name>.text.PinUnlock</name>
         <load_address>0x100353a</load_address>
         <readonly>true</readonly>
         <executable>true</executable>
         <run_address>0x100353a</run_address>
         <size>0x22</size>
         <alignment>0x2</alignment>
         <input_file_ref idref="fl-26"/>
      </object_component>
      <object_component id="oc-213">
         <name>.text.IntRegister</name>
         <load_address>0x100355c</load_address>
         <readonly>true</readonly>
         <executable>true</executable>
         <run_address>0x100355c</run_address>
         <size>0x20</size>
         <alignment>0x2</alignment>
         <input_file_ref idref="fl-25"/>
      </object_component>
      <object_component id="oc-1db">
         <name>.text.Power_unregisterNotify</name>
         <load_address>0x100357c</load_address>
         <readonly>true</readonly>
         <executable>true</executable>
         <run_address>0x100357c</run_address>
         <size>0x20</size>
         <alignment>0x4</alignment>
         <input_file_ref idref="fl-16"/>
      </object_component>
      <object_component id="oc-199">
         <name>.text.SemaphoreP_constructBinary</name>
         <load_address>0x100359c</load_address>
         <readonly>true</readonly>
         <executable>true</executable>
         <run_address>0x100359c</run_address>
         <size>0x20</size>
         <alignment>0x4</alignment>
         <input_file_ref idref="fl-1c"/>
      </object_component>
      <object_component id="oc-118">
         <name>.text.SemaphoreP_createBinary</name>
         <load_address>0x10035bc</load_address>
         <readonly>true</readonly>
         <executable>true</executable>
         <run_address>0x10035bc</run_address>
         <size>0x20</size>
         <alignment>0x4</alignment>
         <input_file_ref idref="fl-1c"/>
      </object_component>
      <object_component id="oc-1e0">
         <name>.text.TimerDisable</name>
         <load_address>0x10035dc</load_address>
         <readonly>true</readonly>
         <executable>true</executable>
         <run_address>0x10035dc</run_address>
         <size>0x20</size>
         <alignment>0x2</alignment>
         <input_file_ref idref="fl-2a"/>
      </object_component>
      <object_component id="oc-131">
         <name>.text.GPIO_setCallback</name>
         <load_address>0x10035fc</load_address>
         <readonly>true</readonly>
         <executable>true</executable>
         <run_address>0x10035fc</run_address>
         <size>0x1c</size>
         <alignment>0x4</alignment>
         <input_file_ref idref="fl-14"/>
      </object_component>
      <object_component id="oc-217">
         <name>.text.HwiP_dispatch</name>
         <load_address>0x1003618</load_address>
         <readonly>true</readonly>
         <executable>true</executable>
         <run_address>0x1003618</run_address>
         <size>0x1c</size>
         <alignment>0x4</alignment>
         <input_file_ref idref="fl-1e"/>
      </object_component>
      <object_component id="oc-1ab">
         <name>.text.SwiP_disable</name>
         <load_address>0x1003634</load_address>
         <readonly>true</readonly>
         <executable>true</executable>
         <run_address>0x1003634</run_address>
         <size>0x1c</size>
         <alignment>0x4</alignment>
         <input_file_ref idref="fl-21"/>
      </object_component>
      <object_component id="oc-1cc">
         <name>.text.free_list_remove</name>
         <load_address>0x1003650</load_address>
         <readonly>true</readonly>
         <executable>true</executable>
         <run_address>0x1003650</run_address>
         <size>0x1c</size>
         <alignment>0x4</alignment>
         <input_file_ref idref="fl-3b"/>
      </object_component>
      <object_component id="oc-1d9">
         <name>.text.getPowerMgrId</name>
         <load_address>0x100366c</load_address>
         <readonly>true</readonly>
         <executable>true</executable>
         <run_address>0x100366c</run_address>
         <size>0x1c</size>
         <alignment>0x4</alignment>
         <input_file_ref idref="fl-19"/>
      </object_component>
      <object_component id="oc-22">
         <name>.text.resetISR</name>
         <load_address>0x1003688</load_address>
         <readonly>true</readonly>
         <executable>true</executable>
         <run_address>0x1003688</run_address>
         <size>0x1c</size>
         <alignment>0x2</alignment>
         <input_file_ref idref="fl-20"/>
      </object_component>
      <object_component id="oc-218">
         <name>.text.GPIOIntDisable</name>
         <load_address>0x10036a4</load_address>
         <readonly>true</readonly>
         <executable>true</executable>
         <run_address>0x10036a4</run_address>
         <size>0x1a</size>
         <alignment>0x2</alignment>
         <input_file_ref idref="fl-23"/>
      </object_component>
      <object_component id="oc-106">
         <name>.text.PRCMHIBRegRead</name>
         <load_address>0x10036be</load_address>
         <readonly>true</readonly>
         <executable>true</executable>
         <run_address>0x10036be</run_address>
         <size>0x1a</size>
         <alignment>0x2</alignment>
         <input_file_ref idref="fl-27"/>
      </object_component>
      <object_component id="oc-105">
         <name>.text.PRCMHIBRegWrite</name>
         <load_address>0x10036d8</load_address>
         <readonly>true</readonly>
         <executable>true</executable>
         <run_address>0x10036d8</run_address>
         <size>0x1a</size>
         <alignment>0x2</alignment>
         <input_file_ref idref="fl-27"/>
      </object_component>
      <object_component id="oc-15c">
         <name>.text.PRCMLPDSWakeupSourceDisable</name>
         <load_address>0x10036f2</load_address>
         <readonly>true</readonly>
         <executable>true</executable>
         <run_address>0x10036f2</run_address>
         <size>0x1a</size>
         <alignment>0x2</alignment>
         <input_file_ref idref="fl-27"/>
      </object_component>
      <object_component id="oc-201">
         <name>.text.PinToPadGet</name>
         <load_address>0x100370c</load_address>
         <readonly>true</readonly>
         <executable>true</executable>
         <run_address>0x100370c</run_address>
         <size>0x1a</size>
         <alignment>0x2</alignment>
         <input_file_ref idref="fl-26"/>
      </object_component>
      <object_component id="oc-1ed">
         <name>.text.TimerEnable</name>
         <load_address>0x1003726</load_address>
         <readonly>true</readonly>
         <executable>true</executable>
         <run_address>0x1003726</run_address>
         <size>0x1a</size>
         <alignment>0x2</alignment>
         <input_file_ref idref="fl-2a"/>
      </object_component>
      <object_component id="oc-194">
         <name>.text.GPIOIntEnable</name>
         <load_address>0x1003740</load_address>
         <readonly>true</readonly>
         <executable>true</executable>
         <run_address>0x1003740</run_address>
         <size>0x18</size>
         <alignment>0x2</alignment>
         <input_file_ref idref="fl-23"/>
      </object_component>
      <object_component id="oc-169">
         <name>.text.SemaphoreP_create</name>
         <load_address>0x1003758</load_address>
         <readonly>true</readonly>
         <executable>true</executable>
         <run_address>0x1003758</run_address>
         <size>0x18</size>
         <alignment>0x2</alignment>
         <input_file_ref idref="fl-1c"/>
      </object_component>
      <object_component id="oc-a7">
         <name>.text.Board_init</name>
         <load_address>0x1003770</load_address>
         <readonly>true</readonly>
         <executable>true</executable>
         <run_address>0x1003770</run_address>
         <size>0x16</size>
         <alignment>0x2</alignment>
         <input_file_ref idref="fl-2"/>
      </object_component>
      <object_component id="oc-1c2">
         <name>.text.SysTickPeriodSet</name>
         <load_address>0x1003786</load_address>
         <readonly>true</readonly>
         <executable>true</executable>
         <run_address>0x1003786</run_address>
         <size>0x16</size>
         <alignment>0x2</alignment>
         <input_file_ref idref="fl-29"/>
      </object_component>
      <object_component id="oc-21f">
         <name>.text.TimerIntDisable</name>
         <load_address>0x100379c</load_address>
         <readonly>true</readonly>
         <executable>true</executable>
         <run_address>0x100379c</run_address>
         <size>0x16</size>
         <alignment>0x2</alignment>
         <input_file_ref idref="fl-2a"/>
      </object_component>
      <object_component id="oc-6d">
         <name>.text.CPUcpsid</name>
         <load_address>0x10037b2</load_address>
         <readonly>true</readonly>
         <executable>true</executable>
         <run_address>0x10037b2</run_address>
         <size>0x14</size>
         <alignment>0x2</alignment>
         <input_file_ref idref="fl-22"/>
      </object_component>
      <object_component id="oc-190">
         <name>.text.CPUcpsie</name>
         <load_address>0x10037c6</load_address>
         <readonly>true</readonly>
         <executable>true</executable>
         <run_address>0x10037c6</run_address>
         <size>0x14</size>
         <alignment>0x2</alignment>
         <input_file_ref idref="fl-22"/>
      </object_component>
      <object_component id="oc-21b">
         <name>.text.HwiP_destruct</name>
         <load_address>0x10037da</load_address>
         <readonly>true</readonly>
         <executable>true</executable>
         <run_address>0x10037da</run_address>
         <size>0x14</size>
         <alignment>0x2</alignment>
         <input_file_ref idref="fl-1e"/>
      </object_component>
      <object_component id="oc-74">
         <name>.text.IntVTableBaseSet</name>
         <load_address>0x10037ee</load_address>
         <readonly>true</readonly>
         <executable>true</executable>
         <run_address>0x10037ee</run_address>
         <size>0x14</size>
         <alignment>0x2</alignment>
         <input_file_ref idref="fl-25"/>
      </object_component>
      <object_component id="oc-18b">
         <name>.text.Power_disablePolicy</name>
         <load_address>0x1003804</load_address>
         <readonly>true</readonly>
         <executable>true</executable>
         <run_address>0x1003804</run_address>
         <size>0x14</size>
         <alignment>0x4</alignment>
         <input_file_ref idref="fl-16"/>
      </object_component>
      <object_component id="oc-1b3">
         <name>.text.Power_getTransitionLatency</name>
         <load_address>0x1003818</load_address>
         <readonly>true</readonly>
         <executable>true</executable>
         <run_address>0x1003818</run_address>
         <size>0x14</size>
         <alignment>0x4</alignment>
         <input_file_ref idref="fl-16"/>
      </object_component>
      <object_component id="oc-1cb">
         <name>.text.Power_idleFunc</name>
         <load_address>0x100382c</load_address>
         <readonly>true</readonly>
         <executable>true</executable>
         <run_address>0x100382c</run_address>
         <size>0x14</size>
         <alignment>0x4</alignment>
         <input_file_ref idref="fl-16"/>
      </object_component>
      <object_component id="oc-1eb">
         <name>.text.TimerIntEnable</name>
         <load_address>0x1003840</load_address>
         <readonly>true</readonly>
         <executable>true</executable>
         <run_address>0x1003840</run_address>
         <size>0x14</size>
         <alignment>0x2</alignment>
         <input_file_ref idref="fl-2a"/>
      </object_component>
      <object_component id="oc-1b6">
         <name>.text.__aeabi_uldivmod</name>
         <load_address>0x1003854</load_address>
         <readonly>true</readonly>
         <executable>true</executable>
         <run_address>0x1003854</run_address>
         <size>0x14</size>
         <alignment>0x4</alignment>
         <input_file_ref idref="fl-ae"/>
      </object_component>
      <object_component id="oc-16f">
         <name>.text.ClockP_add</name>
         <load_address>0x1003868</load_address>
         <readonly>true</readonly>
         <executable>true</executable>
         <run_address>0x1003868</run_address>
         <size>0x12</size>
         <alignment>0x2</alignment>
         <input_file_ref idref="fl-1d"/>
      </object_component>
      <object_component id="oc-1d5">
         <name>.text.GPIOIntClear</name>
         <load_address>0x100387a</load_address>
         <readonly>true</readonly>
         <executable>true</executable>
         <run_address>0x100387a</run_address>
         <size>0x12</size>
         <alignment>0x2</alignment>
         <input_file_ref idref="fl-23"/>
      </object_component>
      <object_component id="oc-177">
         <name>.text.HwiP_Params_init</name>
         <load_address>0x100388c</load_address>
         <readonly>true</readonly>
         <executable>true</executable>
         <run_address>0x100388c</run_address>
         <size>0x12</size>
         <alignment>0x2</alignment>
         <input_file_ref idref="fl-1e"/>
      </object_component>
      <object_component id="oc-1dd">
         <name>.text.HwiP_delete</name>
         <load_address>0x100389e</load_address>
         <readonly>true</readonly>
         <executable>true</executable>
         <run_address>0x100389e</run_address>
         <size>0x12</size>
         <alignment>0x2</alignment>
         <input_file_ref idref="fl-1e"/>
      </object_component>
      <object_component id="oc-1c3">
         <name>.text.SysTickEnable</name>
         <load_address>0x10038b0</load_address>
         <readonly>true</readonly>
         <executable>true</executable>
         <run_address>0x10038b0</run_address>
         <size>0x12</size>
         <alignment>0x2</alignment>
         <input_file_ref idref="fl-29"/>
      </object_component>
      <object_component id="oc-1ba">
         <name>.text.SysTickIntDisable</name>
         <load_address>0x10038c2</load_address>
         <readonly>true</readonly>
         <executable>true</executable>
         <run_address>0x10038c2</run_address>
         <size>0x12</size>
         <alignment>0x2</alignment>
         <input_file_ref idref="fl-29"/>
      </object_component>
      <object_component id="oc-1c4">
         <name>.text.SysTickIntEnable</name>
         <load_address>0x10038d4</load_address>
         <readonly>true</readonly>
         <executable>true</executable>
         <run_address>0x10038d4</run_address>
         <size>0x12</size>
         <alignment>0x2</alignment>
         <input_file_ref idref="fl-29"/>
      </object_component>
      <object_component id="oc-82">
         <name>.text:TI_memcpy_small</name>
         <load_address>0x10038e6</load_address>
         <readonly>true</readonly>
         <executable>true</executable>
         <run_address>0x10038e6</run_address>
         <size>0x12</size>
         <alignment>0x1</alignment>
         <input_file_ref idref="fl-b1"/>
      </object_component>
      <object_component id="oc-44">
         <name>.text:decompress:ZI:__TI_zero_init_nomemset</name>
         <load_address>0x10038f8</load_address>
         <readonly>true</readonly>
         <executable>true</executable>
         <run_address>0x10038f8</run_address>
         <size>0x12</size>
         <alignment>0x2</alignment>
         <input_file_ref idref="fl-41"/>
      </object_component>
      <object_component id="oc-19a">
         <name>.text.ClockP_getCpuFreq</name>
         <load_address>0x100390c</load_address>
         <readonly>true</readonly>
         <executable>true</executable>
         <run_address>0x100390c</run_address>
         <size>0x10</size>
         <alignment>0x4</alignment>
         <input_file_ref idref="fl-1d"/>
      </object_component>
      <object_component id="oc-1b4">
         <name>.text.ClockP_getSystemTicks</name>
         <load_address>0x100391c</load_address>
         <readonly>true</readonly>
         <executable>true</executable>
         <run_address>0x100391c</run_address>
         <size>0x10</size>
         <alignment>0x4</alignment>
         <input_file_ref idref="fl-1d"/>
      </object_component>
      <object_component id="oc-1c1">
         <name>.text.ClockP_setTicks</name>
         <load_address>0x100392c</load_address>
         <readonly>true</readonly>
         <executable>true</executable>
         <run_address>0x100392c</run_address>
         <size>0x10</size>
         <alignment>0x4</alignment>
         <input_file_ref idref="fl-1d"/>
      </object_component>
      <object_component id="oc-18a">
         <name>.text.HwiP_inISR</name>
         <load_address>0x100393c</load_address>
         <readonly>true</readonly>
         <executable>true</executable>
         <run_address>0x100393c</run_address>
         <size>0x10</size>
         <alignment>0x4</alignment>
         <input_file_ref idref="fl-1e"/>
      </object_component>
      <object_component id="oc-172">
         <name>.text.Power_enablePolicy</name>
         <load_address>0x100394c</load_address>
         <readonly>true</readonly>
         <executable>true</executable>
         <run_address>0x100394c</run_address>
         <size>0x10</size>
         <alignment>0x4</alignment>
         <input_file_ref idref="fl-16"/>
      </object_component>
      <object_component id="oc-1ea">
         <name>.text.TimerIntClear</name>
         <load_address>0x100395c</load_address>
         <readonly>true</readonly>
         <executable>true</executable>
         <run_address>0x100395c</run_address>
         <size>0x10</size>
         <alignment>0x2</alignment>
         <input_file_ref idref="fl-2a"/>
      </object_component>
      <object_component id="oc-13e">
         <name>.text.Timer_Params_init</name>
         <load_address>0x100396c</load_address>
         <readonly>true</readonly>
         <executable>true</executable>
         <run_address>0x100396c</run_address>
         <size>0x10</size>
         <alignment>0x4</alignment>
         <input_file_ref idref="fl-18"/>
      </object_component>
      <object_component id="oc-90">
         <name>.text.main</name>
         <load_address>0x100397c</load_address>
         <readonly>true</readonly>
         <executable>true</executable>
         <run_address>0x100397c</run_address>
         <size>0x10</size>
         <alignment>0x2</alignment>
         <input_file_ref idref="fl-3"/>
      </object_component>
      <object_component id="oc-1ef">
         <name>.text.TimerSupport_timerFullWidth</name>
         <load_address>0x100398c</load_address>
         <readonly>true</readonly>
         <executable>true</executable>
         <run_address>0x100398c</run_address>
         <size>0xe</size>
         <alignment>0x2</alignment>
         <input_file_ref idref="fl-19"/>
      </object_component>
      <object_component id="oc-1d">
         <name>.text:decompress:none</name>
         <load_address>0x100399a</load_address>
         <readonly>true</readonly>
         <executable>true</executable>
         <run_address>0x100399a</run_address>
         <size>0xe</size>
         <alignment>0x2</alignment>
         <input_file_ref idref="fl-42"/>
      </object_component>
      <object_component id="oc-20e">
         <name>.text.CPUwfi</name>
         <load_address>0x10039a8</load_address>
         <readonly>true</readonly>
         <executable>true</executable>
         <run_address>0x10039a8</run_address>
         <size>0xc</size>
         <alignment>0x2</alignment>
         <input_file_ref idref="fl-22"/>
      </object_component>
      <object_component id="oc-20a">
         <name>.text.PRCMLPDSWakeupCauseGet</name>
         <load_address>0x10039b4</load_address>
         <readonly>true</readonly>
         <executable>true</executable>
         <run_address>0x10039b4</run_address>
         <size>0xc</size>
         <alignment>0x2</alignment>
         <input_file_ref idref="fl-27"/>
      </object_component>
      <object_component id="oc-1b1">
         <name>.text.Power_getConstraintMask</name>
         <load_address>0x10039c0</load_address>
         <readonly>true</readonly>
         <executable>true</executable>
         <run_address>0x10039c0</run_address>
         <size>0xc</size>
         <alignment>0x4</alignment>
         <input_file_ref idref="fl-16"/>
      </object_component>
      <object_component id="oc-137">
         <name>.text.gpioButtonFxn0</name>
         <load_address>0x10039cc</load_address>
         <readonly>true</readonly>
         <executable>true</executable>
         <run_address>0x10039cc</run_address>
         <size>0xc</size>
         <alignment>0x4</alignment>
         <input_file_ref idref="fl-1"/>
      </object_component>
      <object_component id="oc-138">
         <name>.text.gpioButtonFxn1</name>
         <load_address>0x10039d8</load_address>
         <readonly>true</readonly>
         <executable>true</executable>
         <run_address>0x10039d8</run_address>
         <size>0xc</size>
         <alignment>0x4</alignment>
         <input_file_ref idref="fl-1"/>
      </object_component>
      <object_component id="oc-1a1">
         <name>.text.postNotifyFxn</name>
         <load_address>0x10039e4</load_address>
         <readonly>true</readonly>
         <executable>true</executable>
         <run_address>0x10039e4</run_address>
         <size>0xc</size>
         <alignment>0x2</alignment>
         <input_file_ref idref="fl-19"/>
      </object_component>
      <object_component id="oc-147">
         <name>.text.timerCallback</name>
         <load_address>0x10039f0</load_address>
         <readonly>true</readonly>
         <executable>true</executable>
         <run_address>0x10039f0</run_address>
         <size>0xc</size>
         <alignment>0x4</alignment>
         <input_file_ref idref="fl-1"/>
      </object_component>
      <object_component id="oc-171">
         <name>.text.ClockP_isActive</name>
         <load_address>0x10039fc</load_address>
         <readonly>true</readonly>
[...]
      </symbol>
      <symbol id="sm-1ee">
         <name>ClockP_stop</name>
         <value>0x1002df1</value>
         <object_component_ref idref="oc-1ce"/>
      </symbol>
      <symbol id="sm-1ef">
         <name>ClockP_destruct</name>
         <value>0x1002e69</value>
         <object_component_ref idref="oc-173"/>
      </symbol>
      <symbol id="sm-1f0">
         <name>ClockP_doTick</name>
         <value>0x1003a43</value>
         <object_component_ref idref="oc-1c7"/>
      </symbol>
      <symbol id="sm-1f1">
         <name>ClockP_getCpuFreq</name>
         <value>0x100390d</value>
         <object_component_ref idref="oc-19a"/>
      </symbol>
      <symbol id="sm-1f2">
         <name>ClockP_getSystemTicks</name>
         <value>0x100391d</value>
         <object_component_ref idref="oc-1b4"/>
      </symbol>
      <symbol id="sm-1f3">
         <name>ClockP_getTicksUntilInterrupt</name>
         <value>0x1003121</value>
         <object_component_ref idref="oc-1b2"/>
      </symbol>
      <symbol id="sm-1f4">
         <name>ClockP_isActive</name>
         <value>0x10039fd</value>
         <object_component_ref idref="oc-171"/>
      </symbol>
      <symbol id="sm-1f5">
         <name>ClockP_setTicks</name>
         <value>0x100392d</value>
         <object_component_ref idref="oc-1c1"/>
      </symbol>
      <symbol id="sm-1f6">
         <name>ClockP_tickPeriod</name>
         <value>0x20008988</value>
         <object_component_ref idref="oc-1c8"/>
      </symbol>
      <symbol id="sm-21b">
         <name>HwiP_enable</name>
         <value>0x1003a4b</value>
         <object_component_ref idref="oc-e6"/>
      </symbol>
      <symbol id="sm-21c">
         <name>HwiP_disable</name>
         <value>0x1003a1b</value>
         <object_component_ref idref="oc-11e"/>
      </symbol>
      <symbol id="sm-21d">
         <name>HwiP_restore</name>
         <value>0x1003a23</value>
         <object_component_ref idref="oc-11f"/>
      </symbol>
      <symbol id="sm-21e">
         <name>HwiP_clearInterrupt</name>
         <value>0x1003a47</value>
         <object_component_ref idref="oc-1dc"/>
      </symbol>
      <symbol id="sm-21f">
         <name>HwiP_destruct</name>
         <value>0x10037db</value>
         <object_component_ref idref="oc-21b"/>
      </symbol>
      <symbol id="sm-220">
         <name>HwiP_delete</name>
         <value>0x100389f</value>
         <object_component_ref idref="oc-1dd"/>
      </symbol>
      <symbol id="sm-221">
         <name>HwiP_dispatch</name>
         <value>0x1003619</value>
         <object_component_ref idref="oc-217"/>
      </symbol>
      <symbol id="sm-222">
         <name>HwiP_construct</name>
         <value>0x1001e49</value>
         <object_component_ref idref="oc-1d0"/>
      </symbol>
      <symbol id="sm-223">
         <name>HwiP_swiPIntNum</name>
         <value>0x2000898c</value>
         <object_component_ref idref="oc-210"/>
      </symbol>
      <symbol id="sm-224">
         <name>HwiP_Params_init</name>
         <value>0x100388d</value>
         <object_component_ref idref="oc-177"/>
      </symbol>
      <symbol id="sm-225">
         <name>HwiP_create</name>
         <value>0x10032f9</value>
         <object_component_ref idref="oc-178"/>
      </symbol>
      <symbol id="sm-226">
         <name>HwiP_post</name>
         <value>0x1003a4f</value>
         <object_component_ref idref="oc-20f"/>
      </symbol>
      <symbol id="sm-227">
         <name>HwiP_inISR</name>
         <value>0x100393d</value>
         <object_component_ref idref="oc-18a"/>
      </symbol>
      <symbol id="sm-237">
         <name>PowerCC32XX_initPolicy</name>
         <value>0x1001c27</value>
         <object_component_ref idref="oc-161"/>
      </symbol>
      <symbol id="sm-238">
         <name>PowerCC32XX_sleepPolicy</name>
         <value>0x10010dd</value>
         <object_component_ref idref="oc-166"/>
      </symbol>
      <symbol id="sm-255">
         <name>resetISR</name>
         <value>0x1003689</value>
         <object_component_ref idref="oc-22"/>
      </symbol>
      <symbol id="sm-256">
         <name>initVectors</name>
         <value>0x10030b9</value>
         <object_component_ref idref="oc-50"/>
      </symbol>
      <symbol id="sm-26b">
         <name>SwiP_disable</name>
         <value>0x1003635</value>
         <object_component_ref idref="oc-1ab"/>
      </symbol>
      <symbol id="sm-26c">
         <name>SwiP_restore</name>
         <value>0x1002ed9</value>
         <object_component_ref idref="oc-1c6"/>
      </symbol>
      <symbol id="sm-283">
         <name>CPUcpsid</name>
         <value>0x10037b3</value>
         <object_component_ref idref="oc-6d"/>
      </symbol>
      <symbol id="sm-284">
         <name>CPUcpsie</name>
         <value>0x10037c7</value>
         <object_component_ref idref="oc-190"/>
      </symbol>
      <symbol id="sm-285">
         <name>CPUwfi</name>
         <value>0x10039a9</value>
         <object_component_ref idref="oc-20e"/>
      </symbol>
      <symbol id="sm-2be">
         <name>GPIODirModeSet</name>
         <value>0x1002a4b</value>
         <object_component_ref idref="oc-179"/>
      </symbol>
      <symbol id="sm-2bf">
         <name>GPIOIntClear</name>
         <value>0x100387b</value>
         <object_component_ref idref="oc-1d5"/>
      </symbol>
      <symbol id="sm-2c0">
         <name>GPIOIntDisable</name>
         <value>0x10036a5</value>
         <object_component_ref idref="oc-218"/>
      </symbol>
      <symbol id="sm-2c1">
         <name>GPIOIntEnable</name>
         <value>0x1003741</value>
         <object_component_ref idref="oc-194"/>
      </symbol>
      <symbol id="sm-2c2">
         <name>GPIOIntStatus</name>
         <value>0x1003271</value>
         <object_component_ref idref="oc-1d6"/>
      </symbol>
      <symbol id="sm-2c3">
         <name>GPIOIntTypeSet</name>
         <value>0x1001905</value>
         <object_component_ref idref="oc-1d3"/>
      </symbol>
      <symbol id="sm-2c4">
         <name>GPIOPinWrite</name>
         <value>0x1003519</value>
         <object_component_ref idref="oc-17e"/>
      </symbol>
      <symbol id="sm-314">
         <name>IntDisable</name>
         <value>0x10016c5</value>
         <object_component_ref idref="oc-239"/>
      </symbol>
      <symbol id="sm-315">
         <name>IntEnable</name>
         <value>0x100178d</value>
         <object_component_ref idref="oc-215"/>
      </symbol>
      <symbol id="sm-316">
         <name>IntMasterDisable</name>
         <value>0x1003a07</value>
         <object_component_ref idref="oc-4b"/>
      </symbol>
      <symbol id="sm-317">
         <name>IntMasterEnable</name>
         <value>0x1003a11</value>
         <object_component_ref idref="oc-12c"/>
      </symbol>
      <symbol id="sm-318">
         <name>IntPendClear</name>
         <value>0x10021bb</value>
         <object_component_ref idref="oc-21a"/>
      </symbol>
      <symbol id="sm-319">
         <name>IntPendSet</name>
         <value>0x10019b1</value>
         <object_component_ref idref="oc-233"/>
      </symbol>
      <symbol id="sm-31a">
         <name>IntPrioritySet</name>
         <value>0x1002515</value>
         <object_component_ref idref="oc-214"/>
      </symbol>
      <symbol id="sm-31b">
         <name>IntRegister</name>
         <value>0x100355d</value>
         <object_component_ref idref="oc-213"/>
      </symbol>
      <symbol id="sm-31c">
         <name>IntUnregister</name>
         <value>0x1003441</value>
         <object_component_ref idref="oc-23a"/>
      </symbol>
      <symbol id="sm-31d">
         <name>IntVTableBaseSet</name>
         <value>0x10037ef</value>
         <object_component_ref idref="oc-74"/>
      </symbol>
      <symbol id="sm-363">
         <name>PinConfigGet</name>
         <value>0x10029bd</value>
         <object_component_ref idref="oc-229"/>
      </symbol>
      <symbol id="sm-364">
         <name>PinConfigSet</name>
         <value>0x1001a55</value>
         <object_component_ref idref="oc-175"/>
      </symbol>
      <symbol id="sm-365">
         <name>PinDirModeGet</name>
         <value>0x1002fe9</value>
         <object_component_ref idref="oc-22a"/>
      </symbol>
      <symbol id="sm-366">
         <name>PinDirModeSet</name>
         <value>0x1002db1</value>
         <object_component_ref idref="oc-22b"/>
      </symbol>
      <symbol id="sm-367">
         <name>PinLock</name>
         <value>0x1002f49</value>
         <object_component_ref idref="oc-202"/>
      </symbol>
      <symbol id="sm-368">
         <name>PinLockLevelSet</name>
         <value>0x1001fa1</value>
         <object_component_ref idref="oc-200"/>
      </symbol>
      <symbol id="sm-369">
         <name>PinModeGet</name>
         <value>0x100301d</value>
         <object_component_ref idref="oc-10a"/>
      </symbol>
      <symbol id="sm-36a">
         <name>PinModeSet</name>
         <value>0x1002c29</value>
         <object_component_ref idref="oc-10f"/>
      </symbol>
      <symbol id="sm-36b">
         <name>PinToPadGet</name>
         <value>0x100370d</value>
         <object_component_ref idref="oc-201"/>
      </symbol>
      <symbol id="sm-36c">
         <name>PinUnlock</name>
         <value>0x100353b</value>
         <object_component_ref idref="oc-208"/>
      </symbol>
      <symbol id="sm-41e">
         <name>PRCMCC3200MCUInit</name>
         <value>0x1000841</value>
         <object_component_ref idref="oc-d3"/>
      </symbol>
      <symbol id="sm-41f">
         <name>PRCMHIBRegRead</name>
         <value>0x10036bf</value>
         <object_component_ref idref="oc-106"/>
      </symbol>
      <symbol id="sm-420">
         <name>PRCMHIBRegWrite</name>
         <value>0x10036d9</value>
         <object_component_ref idref="oc-105"/>
      </symbol>
      <symbol id="sm-421">
         <name>PRCMHibernateWakeUpGPIOSelect</name>
         <value>0x1001ebd</value>
         <object_component_ref idref="oc-15e"/>
      </symbol>
      <symbol id="sm-422">
         <name>PRCMHibernateWakeupSourceDisable</name>
         <value>0x10023a9</value>
         <object_component_ref idref="oc-160"/>
      </symbol>
      <symbol id="sm-423">
         <name>PRCMHibernateWakeupSourceEnable</name>
         <value>0x1002715</value>
         <object_component_ref idref="oc-15f"/>
      </symbol>
      <symbol id="sm-424">
         <name>PRCMIntEnable</name>
         <value>0x100292d</value>
         <object_component_ref idref="oc-207"/>
      </symbol>
      <symbol id="sm-425">
         <name>PRCMLPDSEnter</name>
         <value>0x10025c5</value>
         <object_component_ref idref="oc-20d"/>
      </symbol>
      <symbol id="sm-426">
         <name>PRCMLPDSEnterKeepDebugIf</name>
         <value>0x1002a05</value>
         <object_component_ref idref="oc-20c"/>
      </symbol>
      <symbol id="sm-427">
         <name>PRCMLPDSIntervalSet</name>
         <value>0x1003151</value>
         <object_component_ref idref="oc-1bf"/>
      </symbol>
      <symbol id="sm-428">
         <name>PRCMLPDSRestoreInfoSet</name>
         <value>0x1002801</value>
         <object_component_ref idref="oc-22c"/>
      </symbol>
      <symbol id="sm-429">
         <name>PRCMLPDSWakeUpGPIOSelect</name>
         <value>0x1003323</value>
         <object_component_ref idref="oc-15d"/>
      </symbol>
      <symbol id="sm-42a">
         <name>PRCMLPDSWakeupCauseGet</name>
         <value>0x10039b5</value>
         <object_component_ref idref="oc-20a"/>
      </symbol>
      <symbol id="sm-42b">
         <name>PRCMLPDSWakeupSourceDisable</name>
         <value>0x10036f3</value>
         <object_component_ref idref="oc-15c"/>
      </symbol>
      <symbol id="sm-42c">
         <name>PRCMLPDSWakeupSourceEnable</name>
         <value>0x1003489</value>
         <object_component_ref idref="oc-15b"/>
      </symbol>
      <symbol id="sm-42d">
         <name>PRCMPeripheralClkDisable</name>
         <value>0x100334d</value>
         <object_component_ref idref="oc-109"/>
      </symbol>
      <symbol id="sm-42e">
         <name>PRCMPeripheralClkEnable</name>
         <value>0x1002461</value>
         <object_component_ref idref="oc-107"/>
      </symbol>
      <symbol id="sm-42f">
         <name>PRCMPeripheralReset</name>
         <value>0x1002151</value>
         <object_component_ref idref="oc-108"/>
      </symbol>
      <symbol id="sm-430">
         <name>PRCMPeripheralStatusGet</name>
         <value>0x1002975</value>
         <object_component_ref idref="oc-1cf"/>
      </symbol>
      <symbol id="sm-431">
         <name>PRCMSRAMRetentionEnable</name>
         <value>0x100339f</value>
         <object_component_ref idref="oc-1fe"/>
      </symbol>
      <symbol id="sm-432">
         <name>PRCMSleepEnter</name>
         <value>0x1003a2b</value>
         <object_component_ref idref="oc-1c5"/>
      </symbol>
      <symbol id="sm-433">
         <name>PRCMSlowClkCtrFastGet</name>
         <value>0x1003181</value>
         <object_component_ref idref="oc-1f5"/>
      </symbol>
      <symbol id="sm-434">
         <name>PRCMSysResetCauseGet</name>
         <value>0x1001cb9</value>
         <object_component_ref idref="oc-100"/>
      </symbol>
      <symbol id="sm-452">
         <name>SysTickEnable</name>
         <value>0x10038b1</value>
         <object_component_ref idref="oc-1c3"/>
      </symbol>
      <symbol id="sm-453">
         <name>SysTickIntDisable</name>
         <value>0x10038c3</value>
         <object_component_ref idref="oc-1ba"/>
      </symbol>
      <symbol id="sm-454">
         <name>SysTickIntEnable</name>
         <value>0x10038d5</value>
         <object_component_ref idref="oc-1c4"/>
      </symbol>
      <symbol id="sm-455">
         <name>SysTickPeriodSet</name>
         <value>0x1003787</value>
         <object_component_ref idref="oc-1c2"/>
      </symbol>
      <symbol id="sm-494">
         <name>TimerControlStall</name>
         <value>0x1002c6b</value>
         <object_component_ref idref="oc-1e7"/>
      </symbol>
      <symbol id="sm-495">
         <name>TimerDisable</name>
         <value>0x10035dd</value>
         <object_component_ref idref="oc-1e0"/>
      </symbol>
      <symbol id="sm-496">
         <name>TimerEnable</name>
         <value>0x1003727</value>
         <object_component_ref idref="oc-1ed"/>
      </symbol>
      <symbol id="sm-497">
         <name>TimerIntClear</name>
         <value>0x100395d</value>
         <object_component_ref idref="oc-1ea"/>
      </symbol>
      <symbol id="sm-498">
         <name>TimerIntDisable</name>
         <value>0x100379d</value>
         <object_component_ref idref="oc-21f"/>
      </symbol>
      <symbol id="sm-499">
         <name>TimerIntEnable</name>
         <value>0x1003841</value>
         <object_component_ref idref="oc-1eb"/>
      </symbol>
      <symbol id="sm-49a">
         <name>TimerLoadSet</name>
         <value>0x10031b1</value>
         <object_component_ref idref="oc-1e6"/>
      </symbol>
      <symbol id="sm-49b">
         <name>TimerPrescaleSet</name>
         <value>0x10031e1</value>
         <object_component_ref idref="oc-1e5"/>
      </symbol>
      <symbol id="sm-4a6">
         <name>UtilsDelay</name>
         <value>0x1003a33</value>
         <object_component_ref idref="oc-101"/>
      </symbol>
      <symbol id="sm-4d3">
         <name>FlashDisable</name>
         <value>0x100234d</value>
         <object_component_ref idref="oc-22e"/>
      </symbol>
      <symbol id="sm-4f3">
         <name>malloc</name>
         <value>0x1003a3b</value>
         <object_component_ref idref="oc-1c9"/>
      </symbol>
      <symbol id="sm-4f4">
         <name>aligned_alloc</name>
         <value>0x10014b5</value>
         <object_component_ref idref="oc-211"/>
      </symbol>
      <symbol id="sm-4f5">
         <name>free</name>
         <value>0x10015d5</value>
         <object_component_ref idref="oc-16d"/>
      </symbol>
      <symbol id="sm-4f6">
         <name>_sys_memory</name>
         <value>0x20000310</value>
         <object_component_ref idref="oc-32"/>
      </symbol>
      <symbol id="sm-4f7">
         <name>memalign</name>
         <value>0x10014b5</value>
         <object_component_ref idref="oc-211"/>
      </symbol>
      <symbol id="sm-502">
         <name>_c_int00_noargs</name>
         <value>0x10034f5</value>
         <object_component_ref idref="oc-77"/>
      </symbol>
      <symbol id="sm-503">
         <name>__stack</name>
         <value>0x2003f000</value>
         <object_component_ref idref="oc-17"/>
      </symbol>
      <symbol id="sm-50f">
         <name>__TI_auto_init_nobinit_nopinit</name>
         <value>0x1002f11</value>
         <object_component_ref idref="oc-c0"/>
      </symbol>
      <symbol id="sm-517">
         <name>_system_pre_init</name>
         <value>0x1003a65</value>
         <object_component_ref idref="oc-8c"/>
      </symbol>
      <symbol id="sm-522">
         <name>__TI_zero_init_nomemset</name>
         <value>0x10038f9</value>
         <object_component_ref idref="oc-44"/>
      </symbol>
      <symbol id="sm-52b">
         <name>__TI_decompress_none</name>
         <value>0x100399b</value>
         <object_component_ref idref="oc-1d"/>
      </symbol>
      <symbol id="sm-535">
         <name>__TI_decompress_lzss</name>
         <value>0x1001f31</value>
         <object_component_ref idref="oc-19"/>
      </symbol>
      <symbol id="sm-53f">
         <name>abort</name>
         <value>0x1003a69</value>
         <object_component_ref idref="oc-b9"/>
      </symbol>
      <symbol id="sm-540">
         <name>C$$EXIT</name>
         <value>0x1003a68</value>
         <object_component_ref idref="oc-b9"/>
      </symbol>
      <symbol id="sm-549">
         <name>_nop</name>
         <value>0x100261b</value>
         <object_component_ref idref="oc-14c"/>
      </symbol>
      <symbol id="sm-54a">
         <name>_lock</name>
         <value>0x20008990</value>
         <object_component_ref idref="oc-f6"/>
      </symbol>
      <symbol id="sm-54b">
         <name>_unlock</name>
         <value>0x20008994</value>
         <object_component_ref idref="oc-f9"/>
      </symbol>
      <symbol id="sm-552">
         <name>__aeabi_memcpy</name>
         <value>0x1003a61</value>
         <object_component_ref idref="oc-3d"/>
      </symbol>
      <symbol id="sm-553">
         <name>__aeabi_memcpy4</name>
         <value>0x1003a61</value>
         <object_component_ref idref="oc-3d"/>
      </symbol>
      <symbol id="sm-554">
         <name>__aeabi_memcpy8</name>
         <value>0x1003a61</value>
         <object_component_ref idref="oc-3d"/>
      </symbol>
      <symbol id="sm-55a">
         <name>__aeabi_uldivmod</name>
         <value>0x1003855</value>
         <object_component_ref idref="oc-1b6"/>
      </symbol>
      <symbol id="sm-560">
         <name>__udivmoddi4</name>
         <value>0x1001855</value>
         <object_component_ref idref="oc-1f6"/>
      </symbol>
      <symbol id="sm-56a">
         <name>__aeabi_ldiv0</name>
         <value>0x10024bb</value>
         <object_component_ref idref="oc-222"/>
      </symbol>
      <symbol id="sm-572">
         <name>TI_memcpy_small</name>
         <value>0x10038e7</value>
         <object_component_ref idref="oc-82"/>
      </symbol>
      <symbol id="sm-573">
         <name>__TI_static_base__</name>
         <value>0x1003e18</value>
      </symbol>
      <symbol id="sm-576">
         <name>ITM_flush</name>
         <value>0x0</value>
      </symbol>
      <symbol id="sm-577">
         <name>ITM_restore</name>
         <value>0x0</value>
      </symbol>
      <symbol id="sm-578">
         <name>__mpu_init</name>
         <value>0x0</value>
      </symbol>
      <symbol id="sm-579">
         <name>_system_post_cinit</name>
         <value>0x0</value>
      </symbol>
   </symbol_table>
   <title>Link successful</title>
</link_info>
