<?xml version="1.0" encoding="ISO-8859-1" ?>
<link_info>
   <banner>TI ARM Clang Linker PC v3.2.2.LTS</banner>
   <copyright>Copyright (c) 1996-2018 Texas Instruments Incorporated</copyright>
   <link_time>0x67589a36</link_time>
   <link_errors>0x0</link_errors>
   <output_file>C:\Users\coope\workspace_v12\gpiointerrupt_CC3220SF_LAUNCHXL_nortos_ticlang\MCU+Image\gpiointerrupt_CC3220SF_LAUNCHXL_nortos_ticlang.out</output_file>
   <entry_point>
      <name>resetISR</name>
      <address>0x1005d31</address>
   </entry_point>
   <input_file_list>
      <input_file id="fl-1">
         <path>C:\Users\coope\workspace_v12\gpiointerrupt_CC3220SF_LAUNCHXL_nortos_ticlang\MCU+Image\.\</path>
         <kind>object</kind>
         <file>gpiointerrupt.o</file>
         <name>gpiointerrupt.o</name>
      </input_file>
      <input_file id="fl-2">
         <path>C:\Users\coope\workspace_v12\gpiointerrupt_CC3220SF_LAUNCHXL_nortos_ticlang\MCU+Image\.\syscfg\</path>
         <kind>object</kind>
         <file>ti_drivers_config.o</file>
         <name>ti_drivers_config.o</name>
      </input_file>
      <input_file id="fl-3">
         <path>C:\Users\coope\workspace_v12\gpiointerrupt_CC3220SF_LAUNCHXL_nortos_ticlang\MCU+Image\.\</path>
         <kind>object</kind>
         <file>main_nortos.o</file>
         <name>main_nortos.o</name>
      </input_file>
      <input_file id="fl-13">
         <path>C:\Users\coope\workspace_v12\gpiointerrupt_CC3220SF_LAUNCHXL_nortos_ticlang\MCU+Image\</path>
         <kind>object</kind>
         <file>&lt;internal&gt;</file>
         <name>&lt;internal&gt;</name>
      </input_file>
      <input_file id="fl-14">
         <path>C:\ti\simplelink_cc32xx_sdk_7_10_00_13\source\ti\drivers\lib\ticlang\m4\</path>
         <kind>archive</kind>
         <file>drivers_cc32xx.a</file>
         <name>GPIO.c.obj</name>
      </input_file>
      <input_file id="fl-15">
         <path>C:\ti\simplelink_cc32xx_sdk_7_10_00_13\source\ti\drivers\lib\ticlang\m4\</path>
         <kind>archive</kind>
         <file>drivers_cc32xx.a</file>
         <name>GPIOCC32XX.c.obj</name>
      </input_file>
      <input_file id="fl-16">
         <path>C:\ti\simplelink_cc32xx_sdk_7_10_00_13\source\ti\drivers\lib\ticlang\m4\</path>
         <kind>archive</kind>
         <file>drivers_cc32xx.a</file>
         <name>I2C.c.obj</name>
      </input_file>
      <input_file id="fl-17">
         <path>C:\ti\simplelink_cc32xx_sdk_7_10_00_13\source\ti\drivers\lib\ticlang\m4\</path>
         <kind>archive</kind>
         <file>drivers_cc32xx.a</file>
         <name>I2CCC32XX.c.obj</name>
      </input_file>
      <input_file id="fl-18">
         <path>C:\ti\simplelink_cc32xx_sdk_7_10_00_13\source\ti\drivers\lib\ticlang\m4\</path>
         <kind>archive</kind>
         <file>drivers_cc32xx.a</file>
         <name>PowerCC32XX.c.obj</name>
      </input_file>
      <input_file id="fl-19">
         <path>C:\ti\simplelink_cc32xx_sdk_7_10_00_13\source\ti\drivers\lib\ticlang\m4\</path>
         <kind>archive</kind>
         <file>drivers_cc32xx.a</file>
         <name>PowerCC32XX_ticlang.asm.obj</name>
      </input_file>
      <input_file id="fl-1a">
         <path>C:\ti\simplelink_cc32xx_sdk_7_10_00_13\source\ti\drivers\lib\ticlang\m4\</path>
         <kind>archive</kind>
         <file>drivers_cc32xx.a</file>
         <name>Timer.c.obj</name>
      </input_file>
      <input_file id="fl-1b">
         <path>C:\ti\simplelink_cc32xx_sdk_7_10_00_13\source\ti\drivers\lib\ticlang\m4\</path>
         <kind>archive</kind>
         <file>drivers_cc32xx.a</file>
         <name>TimerCC32XX.c.obj</name>
      </input_file>
      <input_file id="fl-1c">
         <path>C:\ti\simplelink_cc32xx_sdk_7_10_00_13\source\ti\drivers\lib\ticlang\m4\</path>
         <kind>archive</kind>
         <file>drivers_cc32xx.a</file>
         <name>UART2.c.obj</name>
      </input_file>
      <input_file id="fl-1d">
         <path>C:\ti\simplelink_cc32xx_sdk_7_10_00_13\source\ti\drivers\lib\ticlang\m4\</path>
         <kind>archive</kind>
         <file>drivers_cc32xx.a</file>
         <name>UART2CC32XX.c.obj</name>
      </input_file>
      <input_file id="fl-1e">
         <path>C:\ti\simplelink_cc32xx_sdk_7_10_00_13\source\ti\drivers\lib\ticlang\m4\</path>
         <kind>archive</kind>
         <file>drivers_cc32xx.a</file>
         <name>List.c.obj</name>
      </input_file>
      <input_file id="fl-1f">
         <path>C:\ti\simplelink_cc32xx_sdk_7_10_00_13\source\ti\drivers\lib\ticlang\m4\</path>
         <kind>archive</kind>
         <file>drivers_cc32xx.a</file>
         <name>RingBuf.c.obj</name>
      </input_file>
      <input_file id="fl-20">
         <path>C:\ti\simplelink_cc32xx_sdk_7_10_00_13\source\ti\drivers\lib\ticlang\m4\</path>
         <kind>archive</kind>
         <file>drivers_cc32xx.a</file>
         <name>UDMACC32XX.c.obj</name>
      </input_file>
      <input_file id="fl-21">
         <path>C:\ti\simplelink_cc32xx_sdk_7_10_00_13\kernel\nortos\lib\ticlang\m4\</path>
         <kind>archive</kind>
         <file>nortos_cc32xx.a</file>
         <name>NoRTOS.c.obj</name>
      </input_file>
      <input_file id="fl-22">
         <path>C:\ti\simplelink_cc32xx_sdk_7_10_00_13\kernel\nortos\lib\ticlang\m4\</path>
         <kind>archive</kind>
         <file>nortos_cc32xx.a</file>
         <name>SemaphoreP_nortos.c.obj</name>
      </input_file>
      <input_file id="fl-23">
         <path>C:\ti\simplelink_cc32xx_sdk_7_10_00_13\kernel\nortos\lib\ticlang\m4\</path>
         <kind>archive</kind>
         <file>nortos_cc32xx.a</file>
         <name>ClockPSysTick_nortos.c.obj</name>
      </input_file>
      <input_file id="fl-24">
         <path>C:\ti\simplelink_cc32xx_sdk_7_10_00_13\kernel\nortos\lib\ticlang\m4\</path>
         <kind>archive</kind>
         <file>nortos_cc32xx.a</file>
         <name>HwiPCC32XX_nortos.c.obj</name>
      </input_file>
      <input_file id="fl-25">
         <path>C:\ti\simplelink_cc32xx_sdk_7_10_00_13\kernel\nortos\lib\ticlang\m4\</path>
         <kind>archive</kind>
         <file>nortos_cc32xx.a</file>
         <name>PowerCC32XX_nortos.c.obj</name>
      </input_file>
      <input_file id="fl-26">
         <path>C:\ti\simplelink_cc32xx_sdk_7_10_00_13\kernel\nortos\lib\ticlang\m4\</path>
         <kind>archive</kind>
         <file>nortos_cc32xx.a</file>
         <name>startup_cc32xx_ticlang.c.obj</name>
      </input_file>
      <input_file id="fl-27">
         <path>C:\ti\simplelink_cc32xx_sdk_7_10_00_13\kernel\nortos\lib\ticlang\m4\</path>
         <kind>archive</kind>
         <file>nortos_cc32xx.a</file>
         <name>SwiP_nortos.c.obj</name>
      </input_file>
      <input_file id="fl-28">
         <path>C:\ti\simplelink_cc32xx_sdk_7_10_00_13\source\ti\devices\cc32xx\driverlib\ticlang\Release\</path>
         <kind>archive</kind>
         <file>driverlib.a</file>
         <name>cpu.obj</name>
      </input_file>
      <input_file id="fl-29">
         <path>C:\ti\simplelink_cc32xx_sdk_7_10_00_13\source\ti\devices\cc32xx\driverlib\ticlang\Release\</path>
         <kind>archive</kind>
         <file>driverlib.a</file>
         <name>gpio.obj</name>
      </input_file>
      <input_file id="fl-2a">
         <path>C:\ti\simplelink_cc32xx_sdk_7_10_00_13\source\ti\devices\cc32xx\driverlib\ticlang\Release\</path>
         <kind>archive</kind>
         <file>driverlib.a</file>
         <name>hwspinlock.obj</name>
      </input_file>
      <input_file id="fl-2b">
         <path>C:\ti\simplelink_cc32xx_sdk_7_10_00_13\source\ti\devices\cc32xx\driverlib\ticlang\Release\</path>
         <kind>archive</kind>
         <file>driverlib.a</file>
         <name>i2c.obj</name>
      </input_file>
      <input_file id="fl-2c">
         <path>C:\ti\simplelink_cc32xx_sdk_7_10_00_13\source\ti\devices\cc32xx\driverlib\ticlang\Release\</path>
         <kind>archive</kind>
         <file>driverlib.a</file>
         <name>interrupt.obj</name>
      </input_file>
      <input_file id="fl-2d">
         <path>C:\ti\simplelink_cc32xx_sdk_7_10_00_13\source\ti\devices\cc32xx\driverlib\ticlang\Release\</path>
         <kind>archive</kind>
         <file>driverlib.a</file>
         <name>pin.obj</name>
      </input_file>
      <input_file id="fl-2e">
         <path>C:\ti\simplelink_cc32xx_sdk_7_10_00_13\source\ti\devices\cc32xx\driverlib\ticlang\Release\</path>
         <kind>archive</kind>
         <file>driverlib.a</file>
         <name>prcm.obj</name>
      </input_file>
      <input_file id="fl-2f">
         <path>C:\ti\simplelink_cc32xx_sdk_7_10_00_13\source\ti\devices\cc32xx\driverlib\ticlang\Release\</path>
         <kind>archive</kind>
         <file>driverlib.a</file>
         <name>spi.obj</name>
      </input_file>
      <input_file id="fl-30">
         <path>C:\ti\simplelink_cc32xx_sdk_7_10_00_13\source\ti\devices\cc32xx\driverlib\ticlang\Release\</path>
         <kind>archive</kind>
         <file>driverlib.a</file>
         <name>systick.obj</name>
      </input_file>
      <input_file id="fl-31">
         <path>C:\ti\simplelink_cc32xx_sdk_7_10_00_13\source\ti\devices\cc32xx\driverlib\ticlang\Release\</path>
         <kind>archive</kind>
         <file>driverlib.a</file>
         <name>timer.obj</name>
      </input_file>
      <input_file id="fl-32">
         <path>C:\ti\simplelink_cc32xx_sdk_7_10_00_13\source\ti\devices\cc32xx\driverlib\ticlang\Release\</path>
         <kind>archive</kind>
         <file>driverlib.a</file>
         <name>uart.obj</name>
      </input_file>
      <input_file id="fl-33">
         <path>C:\ti\simplelink_cc32xx_sdk_7_10_00_13\source\ti\devices\cc32xx\driverlib\ticlang\Release\</path>
         <kind>archive</kind>
         <file>driverlib.a</file>
         <name>udma.obj</name>
      </input_file>
      <input_file id="fl-34">
         <path>C:\ti\simplelink_cc32xx_sdk_7_10_00_13\source\ti\devices\cc32xx\driverlib\ticlang\Release\</path>
         <kind>archive</kind>
         <file>driverlib.a</file>
         <name>utils.obj</name>
      </input_file>
      <input_file id="fl-35">
         <path>C:\ti\simplelink_cc32xx_sdk_7_10_00_13\source\ti\devices\cc32xx\driverlib\ticlang\Release\</path>
         <kind>archive</kind>
         <file>driverlib.a</file>
         <name>flash.obj</name>
      </input_file>
      <input_file id="fl-44">
         <path>C:\ti\ccs1281\ccs\tools\compiler\ti-cgt-armllvm_3.2.2.LTS\lib\armv7em-ti-none-eabi\c\</path>
         <kind>archive</kind>
         <file>libc.a</file>
         <name>snprintf.c.obj</name>
      </input_file>
      <input_file id="fl-45">
         <path>C:\ti\ccs1281\ccs\tools\compiler\ti-cgt-armllvm_3.2.2.LTS\lib\armv7em-ti-none-eabi\c\</path>
         <kind>archive</kind>
         <file>libc.a</file>
         <name>memory.c.obj</name>
      </input_file>
      <input_file id="fl-46">
         <path>C:\ti\ccs1281\ccs\tools\compiler\ti-cgt-armllvm_3.2.2.LTS\lib\armv7em-ti-none-eabi\c\</path>
         <kind>archive</kind>
         <file>libc.a</file>
         <name>boot_cortex_m.c.obj</name>
      </input_file>
      <input_file id="fl-47">
         <path>C:\ti\ccs1281\ccs\tools\compiler\ti-cgt-armllvm_3.2.2.LTS\lib\armv7em-ti-none-eabi\c\</path>
         <kind>archive</kind>
         <file>libc.a</file>
         <name>mathacl_init.c.obj</name>
      </input_file>
      <input_file id="fl-48">
         <path>C:\ti\ccs1281\ccs\tools\compiler\ti-cgt-armllvm_3.2.2.LTS\lib\armv7em-ti-none-eabi\c\</path>
         <kind>archive</kind>
         <file>libc.a</file>
         <name>autoinit.c.obj</name>
      </input_file>
      <input_file id="fl-49">
         <path>C:\ti\ccs1281\ccs\tools\compiler\ti-cgt-armllvm_3.2.2.LTS\lib\armv7em-ti-none-eabi\c\</path>
         <kind>archive</kind>
         <file>libc.a</file>
         <name>pre_init.c.obj</name>
      </input_file>
      <input_file id="fl-4a">
         <path>C:\ti\ccs1281\ccs\tools\compiler\ti-cgt-armllvm_3.2.2.LTS\lib\armv7em-ti-none-eabi\c\</path>
         <kind>archive</kind>
         <file>libc.a</file>
         <name>cpy_tbl.c.obj</name>
      </input_file>
      <input_file id="fl-4b">
         <path>C:\ti\ccs1281\ccs\tools\compiler\ti-cgt-armllvm_3.2.2.LTS\lib\armv7em-ti-none-eabi\c\</path>
         <kind>archive</kind>
         <file>libc.a</file>
         <name>copy_zero_init.c.obj</name>
      </input_file>
      <input_file id="fl-4c">
         <path>C:\ti\ccs1281\ccs\tools\compiler\ti-cgt-armllvm_3.2.2.LTS\lib\armv7em-ti-none-eabi\c\</path>
         <kind>archive</kind>
         <file>libc.a</file>
         <name>copy_decompress_none.c.obj</name>
      </input_file>
      <input_file id="fl-4d">
         <path>C:\ti\ccs1281\ccs\tools\compiler\ti-cgt-armllvm_3.2.2.LTS\lib\armv7em-ti-none-eabi\c\</path>
         <kind>archive</kind>
         <file>libc.a</file>
         <name>copy_decompress_lzss.c.obj</name>
      </input_file>
      <input_file id="fl-4e">
         <path>C:\ti\ccs1281\ccs\tools\compiler\ti-cgt-armllvm_3.2.2.LTS\lib\armv7em-ti-none-eabi\c\</path>
         <kind>archive</kind>
         <file>libc.a</file>
         <name>_printfi.c.obj</name>
      </input_file>
      <input_file id="fl-4f">
         <path>C:\ti\ccs1281\ccs\tools\compiler\ti-cgt-armllvm_3.2.2.LTS\lib\armv7em-ti-none-eabi\c\</path>
         <kind>archive</kind>
         <file>libc.a</file>
         <name>s_frexp.c.obj</name>
      </input_file>
      <input_file id="fl-50">
         <path>C:\ti\ccs1281\ccs\tools\compiler\ti-cgt-armllvm_3.2.2.LTS\lib\armv7em-ti-none-eabi\c\</path>
         <kind>archive</kind>
         <file>libc.a</file>
         <name>s_scalbn.c.obj</name>
      </input_file>
      <input_file id="fl-51">
         <path>C:\ti\ccs1281\ccs\tools\compiler\ti-cgt-armllvm_3.2.2.LTS\lib\armv7em-ti-none-eabi\c\</path>
         <kind>archive</kind>
         <file>libc.a</file>
         <name>aeabi_portable.c.obj</name>
      </input_file>
      <input_file id="fl-52">
         <path>C:\ti\ccs1281\ccs\tools\compiler\ti-cgt-armllvm_3.2.2.LTS\lib\armv7em-ti-none-eabi\c\</path>
         <kind>archive</kind>
         <file>libc.a</file>
         <name>exit.c.obj</name>
      </input_file>
      <input_file id="fl-53">
         <path>C:\ti\ccs1281\ccs\tools\compiler\ti-cgt-armllvm_3.2.2.LTS\lib\armv7em-ti-none-eabi\c\</path>
         <kind>archive</kind>
         <file>libc.a</file>
         <name>_lock.c.obj</name>
      </input_file>
      <input_file id="fl-54">
         <path>C:\ti\ccs1281\ccs\tools\compiler\ti-cgt-armllvm_3.2.2.LTS\lib\armv7em-ti-none-eabi\c\</path>
         <kind>archive</kind>
         <file>libc.a</file>
         <name>_ltoa.c.obj</name>
      </input_file>
      <input_file id="fl-55">
         <path>C:\ti\ccs1281\ccs\tools\compiler\ti-cgt-armllvm_3.2.2.LTS\lib\armv7em-ti-none-eabi\c\</path>
         <kind>archive</kind>
         <file>libc.a</file>
         <name>args_main.c.obj</name>
      </input_file>
      <input_file id="fl-56">
         <path>C:\ti\ccs1281\ccs\tools\compiler\ti-cgt-armllvm_3.2.2.LTS\lib\armv7em-ti-none-eabi\c\</path>
         <kind>archive</kind>
         <file>libc.a</file>
         <name>assert.c.obj</name>
      </input_file>
      <input_file id="fl-57">
         <path>C:\ti\ccs1281\ccs\tools\compiler\ti-cgt-armllvm_3.2.2.LTS\lib\armv7em-ti-none-eabi\c\</path>
         <kind>archive</kind>
         <file>libc.a</file>
         <name>atoi.c.obj</name>
      </input_file>
      <input_file id="fl-58">
         <path>C:\ti\ccs1281\ccs\tools\compiler\ti-cgt-armllvm_3.2.2.LTS\lib\armv7em-ti-none-eabi\c\</path>
         <kind>archive</kind>
         <file>libc.a</file>
         <name>defs.c.obj</name>
      </input_file>
      <input_file id="fl-59">
         <path>C:\ti\ccs1281\ccs\tools\compiler\ti-cgt-armllvm_3.2.2.LTS\lib\armv7em-ti-none-eabi\c\</path>
         <kind>archive</kind>
         <file>libc.a</file>
         <name>memccpy.c.obj</name>
      </input_file>
      <input_file id="fl-5a">
         <path>C:\ti\ccs1281\ccs\tools\compiler\ti-cgt-armllvm_3.2.2.LTS\lib\armv7em-ti-none-eabi\c\</path>
         <kind>archive</kind>
         <file>libc.a</file>
         <name>wcslen.c.obj</name>
      </input_file>
      <input_file id="fl-5b">
         <path>C:\ti\ccs1281\ccs\tools\compiler\ti-cgt-armllvm_3.2.2.LTS\lib\armv7em-ti-none-eabi\c\</path>
         <kind>archive</kind>
         <file>libc.a</file>
         <name>sprintf.c.obj</name>
      </input_file>
      <input_file id="fl-5c">
         <path>C:\ti\ccs1281\ccs\tools\compiler\ti-cgt-armllvm_3.2.2.LTS\lib\armv7em-ti-none-eabi\c\</path>
         <kind>archive</kind>
         <file>libc.a</file>
         <name>fflush.c.obj</name>
      </input_file>
      <input_file id="fl-5d">
         <path>C:\ti\ccs1281\ccs\tools\compiler\ti-cgt-armllvm_3.2.2.LTS\lib\armv7em-ti-none-eabi\c\</path>
         <kind>archive</kind>
         <file>libc.a</file>
         <name>fputs.c.obj</name>
      </input_file>
      <input_file id="fl-5e">
         <path>C:\ti\ccs1281\ccs\tools\compiler\ti-cgt-armllvm_3.2.2.LTS\lib\armv7em-ti-none-eabi\c\</path>
         <kind>archive</kind>
         <file>libc.a</file>
         <name>_io_perm.c.obj</name>
      </input_file>
      <input_file id="fl-5f">
         <path>C:\ti\ccs1281\ccs\tools\compiler\ti-cgt-armllvm_3.2.2.LTS\lib\armv7em-ti-none-eabi\c\</path>
         <kind>archive</kind>
         <file>libc.a</file>
         <name>setvbuf.c.obj</name>
      </input_file>
      <input_file id="fl-60">
         <path>C:\ti\ccs1281\ccs\tools\compiler\ti-cgt-armllvm_3.2.2.LTS\lib\armv7em-ti-none-eabi\c\</path>
         <kind>archive</kind>
         <file>libc.a</file>
         <name>aeabi_ctype.S.obj</name>
      </input_file>
      <input_file id="fl-61">
         <path>C:\ti\ccs1281\ccs\tools\compiler\ti-cgt-armllvm_3.2.2.LTS\lib\armv7em-ti-none-eabi\c\</path>
         <kind>archive</kind>
         <file>libc.a</file>
         <name>fopen.c.obj</name>
      </input_file>
      <input_file id="fl-62">
         <path>C:\ti\ccs1281\ccs\tools\compiler\ti-cgt-armllvm_3.2.2.LTS\lib\armv7em-ti-none-eabi\c\</path>
         <kind>archive</kind>
         <file>libc.a</file>
         <name>fseek.c.obj</name>
      </input_file>
      <input_file id="fl-63">
         <path>C:\ti\ccs1281\ccs\tools\compiler\ti-cgt-armllvm_3.2.2.LTS\lib\armv7em-ti-none-eabi\c\</path>
         <kind>archive</kind>
         <file>libc.a</file>
         <name>fclose.c.obj</name>
      </input_file>
      <input_file id="fl-c9">
         <path>C:\ti\ccs1281\ccs\tools\compiler\ti-cgt-armllvm_3.2.2.LTS\lib\armv7em-ti-none-eabi\c\</path>
         <kind>archive</kind>
         <file>libsysbm.a</file>
         <name>write.c.obj</name>
      </input_file>
      <input_file id="fl-ca">
         <path>C:\ti\ccs1281\ccs\tools\compiler\ti-cgt-armllvm_3.2.2.LTS\lib\armv7em-ti-none-eabi\c\</path>
         <kind>archive</kind>
         <file>libsysbm.a</file>
         <name>host_device.c.obj</name>
      </input_file>
      <input_file id="fl-cb">
         <path>C:\ti\ccs1281\ccs\tools\compiler\ti-cgt-armllvm_3.2.2.LTS\lib\armv7em-ti-none-eabi\c\</path>
         <kind>archive</kind>
         <file>libsysbm.a</file>
         <name>remove.c.obj</name>
      </input_file>
      <input_file id="fl-cc">
         <path>C:\ti\ccs1281\ccs\tools\compiler\ti-cgt-armllvm_3.2.2.LTS\lib\armv7em-ti-none-eabi\c\</path>
         <kind>archive</kind>
         <file>libsysbm.a</file>
         <name>open.c.obj</name>
      </input_file>
      <input_file id="fl-cd">
         <path>C:\ti\ccs1281\ccs\tools\compiler\ti-cgt-armllvm_3.2.2.LTS\lib\armv7em-ti-none-eabi\c\</path>
         <kind>archive</kind>
         <file>libsysbm.a</file>
         <name>lseek.c.obj</name>
      </input_file>
      <input_file id="fl-ce">
         <path>C:\ti\ccs1281\ccs\tools\compiler\ti-cgt-armllvm_3.2.2.LTS\lib\armv7em-ti-none-eabi\c\</path>
         <kind>archive</kind>
         <file>libsysbm.a</file>
         <name>close.c.obj</name>
      </input_file>
      <input_file id="fl-cf">
         <path>C:\ti\ccs1281\ccs\tools\compiler\ti-cgt-armllvm_3.2.2.LTS\lib\armv7em-ti-none-eabi\c\</path>
         <kind>archive</kind>
         <file>libsysbm.a</file>
         <name>unlink.c.obj</name>
      </input_file>
      <input_file id="fl-d0">
         <path>C:\ti\ccs1281\ccs\tools\compiler\ti-cgt-armllvm_3.2.2.LTS\lib\armv7em-ti-none-eabi\c\</path>
         <kind>archive</kind>
         <file>libsysbm.a</file>
         <name>hostclose.c.obj</name>
      </input_file>
      <input_file id="fl-d1">
         <path>C:\ti\ccs1281\ccs\tools\compiler\ti-cgt-armllvm_3.2.2.LTS\lib\armv7em-ti-none-eabi\c\</path>
         <kind>archive</kind>
         <file>libsysbm.a</file>
         <name>hostlseek.c.obj</name>
      </input_file>
      <input_file id="fl-d2">
         <path>C:\ti\ccs1281\ccs\tools\compiler\ti-cgt-armllvm_3.2.2.LTS\lib\armv7em-ti-none-eabi\c\</path>
         <kind>archive</kind>
         <file>libsysbm.a</file>
         <name>hostopen.c.obj</name>
      </input_file>
      <input_file id="fl-d3">
         <path>C:\ti\ccs1281\ccs\tools\compiler\ti-cgt-armllvm_3.2.2.LTS\lib\armv7em-ti-none-eabi\c\</path>
         <kind>archive</kind>
         <file>libsysbm.a</file>
         <name>hostread.c.obj</name>
      </input_file>
      <input_file id="fl-d4">
         <path>C:\ti\ccs1281\ccs\tools\compiler\ti-cgt-armllvm_3.2.2.LTS\lib\armv7em-ti-none-eabi\c\</path>
         <kind>archive</kind>
         <file>libsysbm.a</file>
         <name>hostrename.c.obj</name>
      </input_file>
      <input_file id="fl-d5">
         <path>C:\ti\ccs1281\ccs\tools\compiler\ti-cgt-armllvm_3.2.2.LTS\lib\armv7em-ti-none-eabi\c\</path>
         <kind>archive</kind>
         <file>libsysbm.a</file>
         <name>hostunlink.c.obj</name>
      </input_file>
      <input_file id="fl-d6">
         <path>C:\ti\ccs1281\ccs\tools\compiler\ti-cgt-armllvm_3.2.2.LTS\lib\armv7em-ti-none-eabi\c\</path>
         <kind>archive</kind>
         <file>libsysbm.a</file>
         <name>hostwrite.c.obj</name>
      </input_file>
      <input_file id="fl-d7">
         <path>C:\ti\ccs1281\ccs\tools\compiler\ti-cgt-armllvm_3.2.2.LTS\lib\armv7em-ti-none-eabi\c\</path>
         <kind>archive</kind>
         <file>libsysbm.a</file>
         <name>trgmsg.c.obj</name>
      </input_file>
      <input_file id="fl-d8">
         <path>C:\ti\ccs1281\ccs\tools\compiler\ti-cgt-armllvm_3.2.2.LTS\lib\clang\15.0.7\lib\armv7em-ti-none-eabi\</path>
         <kind>archive</kind>
         <file>libclang_rt.builtins.a</file>
         <name>adddf3.S.obj</name>
      </input_file>
      <input_file id="fl-d9">
         <path>C:\ti\ccs1281\ccs\tools\compiler\ti-cgt-armllvm_3.2.2.LTS\lib\clang\15.0.7\lib\armv7em-ti-none-eabi\</path>
         <kind>archive</kind>
         <file>libclang_rt.builtins.a</file>
         <name>muldf3.S.obj</name>
      </input_file>
      <input_file id="fl-da">
         <path>C:\ti\ccs1281\ccs\tools\compiler\ti-cgt-armllvm_3.2.2.LTS\lib\clang\15.0.7\lib\armv7em-ti-none-eabi\</path>
         <kind>archive</kind>
         <file>libclang_rt.builtins.a</file>
         <name>divdf3.S.obj</name>
      </input_file>
      <input_file id="fl-db">
         <path>C:\ti\ccs1281\ccs\tools\compiler\ti-cgt-armllvm_3.2.2.LTS\lib\clang\15.0.7\lib\armv7em-ti-none-eabi\</path>
         <kind>archive</kind>
         <file>libclang_rt.builtins.a</file>
         <name>fixdfsi.S.obj</name>
      </input_file>
      <input_file id="fl-dc">
         <path>C:\ti\ccs1281\ccs\tools\compiler\ti-cgt-armllvm_3.2.2.LTS\lib\clang\15.0.7\lib\armv7em-ti-none-eabi\</path>
         <kind>archive</kind>
         <file>libclang_rt.builtins.a</file>
         <name>floatsidf.S.obj</name>
      </input_file>
      <input_file id="fl-dd">
         <path>C:\ti\ccs1281\ccs\tools\compiler\ti-cgt-armllvm_3.2.2.LTS\lib\clang\15.0.7\lib\armv7em-ti-none-eabi\</path>
         <kind>archive</kind>
         <file>libclang_rt.builtins.a</file>
         <name>aeabi_dcmp.S.obj</name>
      </input_file>
      <input_file id="fl-de">
         <path>C:\ti\ccs1281\ccs\tools\compiler\ti-cgt-armllvm_3.2.2.LTS\lib\clang\15.0.7\lib\armv7em-ti-none-eabi\</path>
         <kind>archive</kind>
         <file>libclang_rt.builtins.a</file>
         <name>aeabi_memcpy.S.obj</name>
      </input_file>
      <input_file id="fl-df">
         <path>C:\ti\ccs1281\ccs\tools\compiler\ti-cgt-armllvm_3.2.2.LTS\lib\clang\15.0.7\lib\armv7em-ti-none-eabi\</path>
         <kind>archive</kind>
         <file>libclang_rt.builtins.a</file>
         <name>aeabi_memset.S.obj</name>
      </input_file>
      <input_file id="fl-e0">
         <path>C:\ti\ccs1281\ccs\tools\compiler\ti-cgt-armllvm_3.2.2.LTS\lib\clang\15.0.7\lib\armv7em-ti-none-eabi\</path>
         <kind>archive</kind>
         <file>libclang_rt.builtins.a</file>
         <name>aeabi_uldivmod.S.obj</name>
      </input_file>
      <input_file id="fl-e1">
         <path>C:\ti\ccs1281\ccs\tools\compiler\ti-cgt-armllvm_3.2.2.LTS\lib\clang\15.0.7\lib\armv7em-ti-none-eabi\</path>
         <kind>archive</kind>
         <file>libclang_rt.builtins.a</file>
         <name>udivmoddi4.S.obj</name>
      </input_file>
      <input_file id="fl-e2">
         <path>C:\ti\ccs1281\ccs\tools\compiler\ti-cgt-armllvm_3.2.2.LTS\lib\clang\15.0.7\lib\armv7em-ti-none-eabi\</path>
         <kind>archive</kind>
         <file>libclang_rt.builtins.a</file>
         <name>comparedf2.c.obj</name>
      </input_file>
      <input_file id="fl-e3">
         <path>C:\ti\ccs1281\ccs\tools\compiler\ti-cgt-armllvm_3.2.2.LTS\lib\clang\15.0.7\lib\armv7em-ti-none-eabi\</path>
         <kind>archive</kind>
         <file>libclang_rt.builtins.a</file>
         <name>aeabi_div0.c.obj</name>
      </input_file>
      <input_file id="fl-e4">
         <path>C:\ti\ccs1281\ccs\tools\compiler\ti-cgt-armllvm_3.2.2.LTS\lib\armv7em-ti-none-eabi\c\</path>
         <kind>archive</kind>
         <file>libc.a</file>
         <name>getdevice.c.obj</name>
      </input_file>
      <input_file id="fl-e5">
         <path>C:\ti\ccs1281\ccs\tools\compiler\ti-cgt-armllvm_3.2.2.LTS\lib\armv7em-ti-none-eabi\c\</path>
         <kind>archive</kind>
         <file>libc.a</file>
         <name>strcmp_t2.S.obj</name>
      </input_file>
      <input_file id="fl-e6">
         <path>C:\ti\ccs1281\ccs\tools\compiler\ti-cgt-armllvm_3.2.2.LTS\lib\armv7em-ti-none-eabi\c\</path>
         <kind>archive</kind>
         <file>libc.a</file>
         <name>memcpy_t2.S.obj</name>
      </input_file>
      <input_file id="fl-e7">
         <path>C:\ti\ccs1281\ccs\tools\compiler\ti-cgt-armllvm_3.2.2.LTS\lib\armv7em-ti-none-eabi\c\</path>
         <kind>archive</kind>
         <file>libc.a</file>
         <name>memset_t2.S.obj</name>
      </input_file>
   </input_file_list>
   <object_component_list>
      <object_component id="oc-284">
         <name>.text:__TI_printfi_nofloat</name>
         <load_address>0x1000840</load_address>
         <readonly>true</readonly>
         <executable>true</executable>
         <run_address>0x1000840</run_address>
         <size>0x86c</size>
         <alignment>0x4</alignment>
         <input_file_ref idref="fl-4e"/>
      </object_component>
      <object_component id="oc-d3">
         <name>.text.PRCMCC3200MCUInit</name>
         <load_address>0x10010ac</load_address>
         <readonly>true</readonly>
         <executable>true</executable>
         <run_address>0x10010ac</run_address>
         <size>0x4b8</size>
         <alignment>0x2</alignment>
         <input_file_ref idref="fl-2e"/>
      </object_component>
      <object_component id="oc-215">
         <name>.text.Power_sleep</name>
         <load_address>0x1001564</load_address>
         <readonly>true</readonly>
         <executable>true</executable>
         <run_address>0x1001564</run_address>
         <size>0x3e4</size>
         <alignment>0x4</alignment>
         <input_file_ref idref="fl-18"/>
      </object_component>
      <object_component id="oc-247">
         <name>.text.UART2CC32XX_hwiIntFxn</name>
         <load_address>0x1001948</load_address>
         <readonly>true</readonly>
         <executable>true</executable>
         <run_address>0x1001948</run_address>
         <size>0x222</size>
         <alignment>0x2</alignment>
         <input_file_ref idref="fl-1d"/>
      </object_component>
      <object_component id="oc-e3">
         <name>.text.Board_initHook</name>
         <load_address>0x1001b6a</load_address>
         <readonly>true</readonly>
         <executable>true</executable>
         <run_address>0x1001b6a</run_address>
         <size>0x2</size>
         <alignment>0x2</alignment>
         <input_file_ref idref="fl-2"/>
      </object_component>
      <object_component id="oc-1b3">
         <name>.text.UART2_open</name>
         <load_address>0x1001b6c</load_address>
         <readonly>true</readonly>
         <executable>true</executable>
         <run_address>0x1001b6c</run_address>
         <size>0x1cc</size>
         <alignment>0x4</alignment>
         <input_file_ref idref="fl-1d"/>
      </object_component>
      <object_component id="oc-144">
         <name>.text.initI2C</name>
         <load_address>0x1001d38</load_address>
         <readonly>true</readonly>
         <executable>true</executable>
         <run_address>0x1001d38</run_address>
         <size>0x178</size>
         <alignment>0x4</alignment>
         <input_file_ref idref="fl-1"/>
      </object_component>
      <object_component id="oc-1e7">
         <name>.text.UART2_writeTimeoutBlocking</name>
         <load_address>0x1001eb0</load_address>
         <readonly>true</readonly>
         <executable>true</executable>
         <run_address>0x1001eb0</run_address>
         <size>0x174</size>
         <alignment>0x2</alignment>
         <input_file_ref idref="fl-1c"/>
      </object_component>
      <object_component id="oc-183">
         <name>.text.PowerCC32XX_sleepPolicy</name>
         <load_address>0x1002024</load_address>
         <readonly>true</readonly>
         <executable>true</executable>
         <run_address>0x1002024</run_address>
         <size>0x150</size>
         <alignment>0x4</alignment>
         <input_file_ref idref="fl-25"/>
      </object_component>
      <object_component id="oc-14e">
         <name>.text.Timer_open</name>
         <load_address>0x1002174</load_address>
         <readonly>true</readonly>
         <executable>true</executable>
         <run_address>0x1002174</run_address>
         <size>0x148</size>
         <alignment>0x4</alignment>
         <input_file_ref idref="fl-1b"/>
      </object_component>
      <object_component id="oc-12f">
         <name>.text.GPIO_setConfig</name>
         <load_address>0x10022bc</load_address>
         <readonly>true</readonly>
         <executable>true</executable>
         <run_address>0x10022bc</run_address>
         <size>0x140</size>
         <alignment>0x4</alignment>
         <input_file_ref idref="fl-15"/>
      </object_component>
      <object_component id="oc-257">
         <name>.text.I2CCC32XX_hwiFxn</name>
         <load_address>0x10023fc</load_address>
         <readonly>true</readonly>
         <executable>true</executable>
         <run_address>0x10023fc</run_address>
         <size>0x138</size>
         <alignment>0x2</alignment>
         <input_file_ref idref="fl-17"/>
      </object_component>
      <object_component id="oc-25b">
         <name>.text.I2C_transferTimeout</name>
         <load_address>0x1002534</load_address>
         <readonly>true</readonly>
         <executable>true</executable>
         <run_address>0x1002534</run_address>
         <size>0x126</size>
         <alignment>0x2</alignment>
         <input_file_ref idref="fl-16"/>
      </object_component>
      <object_component id="oc-1b9">
         <name>.text.I2C_init</name>
         <load_address>0x100265a</load_address>
         <readonly>true</readonly>
         <executable>true</executable>
         <run_address>0x100265a</run_address>
         <size>0x2</size>
         <alignment>0x2</alignment>
         <input_file_ref idref="fl-16"/>
      </object_component>
      <object_component id="oc-2ab">
         <name>.text.aligned_alloc</name>
         <load_address>0x100265c</load_address>
         <readonly>true</readonly>
         <executable>true</executable>
         <run_address>0x100265c</run_address>
         <size>0x120</size>
         <alignment>0x4</alignment>
         <input_file_ref idref="fl-45"/>
      </object_component>
      <object_component id="oc-1e6">
         <name>.text.UART2_writeTimeoutNonblocking</name>
         <load_address>0x100277c</load_address>
         <readonly>true</readonly>
         <executable>true</executable>
         <run_address>0x100277c</run_address>
         <size>0x11a</size>
         <alignment>0x2</alignment>
         <input_file_ref idref="fl-1c"/>
      </object_component>
      <object_component id="oc-301">
         <name>.text.uDMAChannelTransferSet</name>
         <load_address>0x1002896</load_address>
         <readonly>true</readonly>
         <executable>true</executable>
         <run_address>0x1002896</run_address>
         <size>0x112</size>
         <alignment>0x2</alignment>
         <input_file_ref idref="fl-33"/>
      </object_component>
      <object_component id="oc-1f1">
         <name>.text.__muldf3</name>
         <load_address>0x10029a8</load_address>
         <readonly>true</readonly>
         <executable>true</executable>
         <run_address>0x10029a8</run_address>
         <size>0xfc</size>
         <alignment>0x4</alignment>
         <input_file_ref idref="fl-d9"/>
      </object_component>
      <object_component id="oc-18a">
         <name>.text.free</name>
         <load_address>0x1002aa4</load_address>
         <readonly>true</readonly>
         <executable>true</executable>
         <run_address>0x1002aa4</run_address>
         <size>0xf0</size>
         <alignment>0x4</alignment>
         <input_file_ref idref="fl-45"/>
      </object_component>
      <object_component id="oc-1bf">
         <name>.text.I2C_open</name>
         <load_address>0x1002b94</load_address>
         <readonly>true</readonly>
         <executable>true</executable>
         <run_address>0x1002b94</run_address>
         <size>0xe8</size>
         <alignment>0x4</alignment>
         <input_file_ref idref="fl-17"/>
      </object_component>
      <object_component id="oc-242">
         <name>.text.UART2_close</name>
         <load_address>0x1002c7c</load_address>
         <readonly>true</readonly>
         <executable>true</executable>
         <run_address>0x1002c7c</run_address>
         <size>0xe8</size>
         <alignment>0x4</alignment>
         <input_file_ref idref="fl-1d"/>
      </object_component>
      <object_component id="oc-2e2">
         <name>.text.UART2Support_dmaStartRx</name>
         <load_address>0x1002d64</load_address>
         <readonly>true</readonly>
         <executable>true</executable>
         <run_address>0x1002d64</run_address>
         <size>0xcc</size>
         <alignment>0x4</alignment>
         <input_file_ref idref="fl-1d"/>
      </object_component>
      <object_component id="oc-34a">
         <name>.text.IntDisable</name>
         <load_address>0x1002e30</load_address>
         <readonly>true</readonly>
         <executable>true</executable>
         <run_address>0x1002e30</run_address>
         <size>0xc8</size>
         <alignment>0x2</alignment>
         <input_file_ref idref="fl-2c"/>
      </object_component>
      <object_component id="oc-2af">
         <name>.text.IntEnable</name>
         <load_address>0x1002ef8</load_address>
         <readonly>true</readonly>
         <executable>true</executable>
         <run_address>0x1002ef8</run_address>
         <size>0xc8</size>
         <alignment>0x2</alignment>
         <input_file_ref idref="fl-2c"/>
      </object_component>
      <object_component id="oc-240">
         <name>.text.UART2CC32XX_initHw</name>
         <load_address>0x1002fc0</load_address>
         <readonly>true</readonly>
         <executable>true</executable>
         <run_address>0x1002fc0</run_address>
         <size>0xc4</size>
         <alignment>0x4</alignment>
         <input_file_ref idref="fl-1d"/>
      </object_component>
      <object_component id="oc-278">
         <name>.text.UART2Support_dmaStartTx</name>
         <load_address>0x1003084</load_address>
         <readonly>true</readonly>
         <executable>true</executable>
         <run_address>0x1003084</run_address>
         <size>0xb8</size>
         <alignment>0x4</alignment>
         <input_file_ref idref="fl-1d"/>
      </object_component>
      <object_component id="oc-290">
         <name>.text</name>
         <load_address>0x100313c</load_address>
         <readonly>true</readonly>
         <executable>true</executable>
         <run_address>0x100313c</run_address>
         <size>0xb0</size>
         <alignment>0x4</alignment>
         <input_file_ref idref="fl-e1"/>
      </object_component>
      <object_component id="oc-228">
         <name>.text.GPIOIntTypeSet</name>
         <load_address>0x10031ec</load_address>
         <readonly>true</readonly>
         <executable>true</executable>
         <run_address>0x10031ec</run_address>
         <size>0xac</size>
         <alignment>0x2</alignment>
         <input_file_ref idref="fl-29"/>
      </object_component>
      <object_component id="oc-33c">
         <name>.text.IntPendSet</name>
         <load_address>0x1003298</load_address>
         <readonly>true</readonly>
         <executable>true</executable>
         <run_address>0x1003298</run_address>
         <size>0xa4</size>
         <alignment>0x2</alignment>
         <input_file_ref idref="fl-2c"/>
      </object_component>
      <object_component id="oc-192">
         <name>.text.PinConfigSet</name>
         <load_address>0x100333c</load_address>
         <readonly>true</readonly>
         <executable>true</executable>
         <run_address>0x100333c</run_address>
         <size>0xa2</size>
         <alignment>0x2</alignment>
         <input_file_ref idref="fl-2d"/>
      </object_component>
      <object_component id="oc-2f5">
         <name>.text.I2CCC32XX_completeTransfer</name>
         <load_address>0x10033de</load_address>
         <readonly>true</readonly>
         <executable>true</executable>
         <run_address>0x10033de</run_address>
         <size>0x9c</size>
         <alignment>0x2</alignment>
         <input_file_ref idref="fl-17"/>
      </object_component>
      <object_component id="oc-17e">
         <name>.text.PowerCC32XX_initPolicy</name>
         <load_address>0x100347a</load_address>
         <readonly>true</readonly>
         <executable>true</executable>
         <run_address>0x100347a</run_address>
         <size>0x2</size>
         <alignment>0x2</alignment>
         <input_file_ref idref="fl-25"/>
      </object_component>
      <object_component id="oc-163">
         <name>.text.readTemp</name>
         <load_address>0x100347c</load_address>
         <readonly>true</readonly>
         <executable>true</executable>
         <run_address>0x100347c</run_address>
         <size>0x9c</size>
         <alignment>0x4</alignment>
         <input_file_ref idref="fl-1"/>
      </object_component>
      <object_component id="oc-2e6">
         <name>.text.I2CMasterInitExpClk</name>
         <load_address>0x1003518</load_address>
         <readonly>true</readonly>
         <executable>true</executable>
         <run_address>0x1003518</run_address>
         <size>0x98</size>
         <alignment>0x2</alignment>
         <input_file_ref idref="fl-2b"/>
      </object_component>
      <object_component id="oc-12e">
         <name>.text.SemaphoreP_pend</name>
         <load_address>0x10035b0</load_address>
         <readonly>true</readonly>
         <executable>true</executable>
         <run_address>0x10035b0</run_address>
         <size>0x98</size>
         <alignment>0x4</alignment>
         <input_file_ref idref="fl-22"/>
      </object_component>
      <object_component id="oc-12b">
         <name>.text.HwiP_disable</name>
         <load_address>0x1003648</load_address>
         <readonly>true</readonly>
         <executable>true</executable>
         <run_address>0x1003648</run_address>
         <size>0x8</size>
         <alignment>0x2</alignment>
         <input_file_ref idref="fl-24"/>
      </object_component>
      <object_component id="oc-29d">
         <name>.text</name>
         <load_address>0x1003650</load_address>
         <readonly>true</readonly>
         <executable>true</executable>
         <run_address>0x1003650</run_address>
         <size>0x96</size>
         <alignment>0x10</alignment>
         <input_file_ref idref="fl-19"/>
      </object_component>
      <object_component id="oc-2cd">
         <name>.text.uDMAChannelAttributeDisable</name>
         <load_address>0x10036e6</load_address>
         <readonly>true</readonly>
         <executable>true</executable>
         <run_address>0x10036e6</run_address>
         <size>0x92</size>
         <alignment>0x2</alignment>
         <input_file_ref idref="fl-33"/>
      </object_component>
      <object_component id="oc-dd">
         <name>.text.GPIO_init</name>
         <load_address>0x1003778</load_address>
         <readonly>true</readonly>
         <executable>true</executable>
         <run_address>0x1003778</run_address>
         <size>0x90</size>
         <alignment>0x4</alignment>
         <input_file_ref idref="fl-15"/>
      </object_component>
      <object_component id="oc-10d">
         <name>.text.PRCMSysResetCauseGet</name>
         <load_address>0x1003808</load_address>
         <readonly>true</readonly>
         <executable>true</executable>
         <run_address>0x1003808</run_address>
         <size>0x8e</size>
         <alignment>0x2</alignment>
         <input_file_ref idref="fl-2e"/>
      </object_component>
      <object_component id="oc-263">
         <name>.text.SemaphoreP_destruct</name>
         <load_address>0x1003896</load_address>
         <readonly>true</readonly>
         <executable>true</executable>
         <run_address>0x1003896</run_address>
         <size>0x2</size>
         <alignment>0x2</alignment>
         <input_file_ref idref="fl-22"/>
      </object_component>
      <object_component id="oc-11f">
         <name>.text.PowerCC32XX_configureWakeup</name>
         <load_address>0x1003898</load_address>
         <readonly>true</readonly>
         <executable>true</executable>
         <run_address>0x1003898</run_address>
         <size>0x88</size>
         <alignment>0x4</alignment>
         <input_file_ref idref="fl-18"/>
      </object_component>
      <object_component id="oc-2f2">
         <name>.text.I2CCC32XX_primeReadBurst</name>
         <load_address>0x1003920</load_address>
         <readonly>true</readonly>
         <executable>true</executable>
         <run_address>0x1003920</run_address>
         <size>0x7a</size>
         <alignment>0x2</alignment>
         <input_file_ref idref="fl-17"/>
      </object_component>
      <object_component id="oc-147">
         <name>.text.Timer_init</name>
         <load_address>0x100399a</load_address>
         <readonly>true</readonly>
         <executable>true</executable>
         <run_address>0x100399a</run_address>
         <size>0x2</size>
         <alignment>0x2</alignment>
         <input_file_ref idref="fl-1a"/>
      </object_component>
      <object_component id="oc-d8">
         <name>.text.Power_init</name>
         <load_address>0x100399c</load_address>
         <readonly>true</readonly>
         <executable>true</executable>
         <run_address>0x100399c</run_address>
         <size>0x78</size>
         <alignment>0x4</alignment>
         <input_file_ref idref="fl-18"/>
      </object_component>
      <object_component id="oc-225">
         <name>.text.HwiP_construct</name>
         <load_address>0x1003a14</load_address>
         <readonly>true</readonly>
         <executable>true</executable>
         <run_address>0x1003a14</run_address>
         <size>0x74</size>
         <alignment>0x4</alignment>
         <input_file_ref idref="fl-24"/>
      </object_component>
      <object_component id="oc-17b">
         <name>.text.PRCMHibernateWakeUpGPIOSelect</name>
         <load_address>0x1003a88</load_address>
         <readonly>true</readonly>
         <executable>true</executable>
         <run_address>0x1003a88</run_address>
         <size>0x74</size>
         <alignment>0x2</alignment>
         <input_file_ref idref="fl-2e"/>
      </object_component>
      <object_component id="oc-2c2">
         <name>.text.UARTConfigSetExpClk</name>
         <load_address>0x1003afc</load_address>
         <readonly>true</readonly>
         <executable>true</executable>
         <run_address>0x1003afc</run_address>
         <size>0x74</size>
         <alignment>0x2</alignment>
         <input_file_ref idref="fl-32"/>
      </object_component>
      <object_component id="oc-b1">
         <name>.text.mainThread</name>
         <load_address>0x1003b70</load_address>
         <readonly>true</readonly>
         <executable>true</executable>
         <run_address>0x1003b70</run_address>
         <size>0x74</size>
         <alignment>0x4</alignment>
         <input_file_ref idref="fl-1"/>
      </object_component>
      <object_component id="oc-19">
         <name>.text:decompress:lzss</name>
         <load_address>0x1003be4</load_address>
         <readonly>true</readonly>
         <executable>true</executable>
         <run_address>0x1003be4</run_address>
         <size>0x70</size>
         <alignment>0x2</alignment>
         <input_file_ref idref="fl-4d"/>
      </object_component>
      <object_component id="oc-29a">
         <name>.text.PinLockLevelSet</name>
         <load_address>0x1003c54</load_address>
         <readonly>true</readonly>
         <executable>true</executable>
         <run_address>0x1003c54</run_address>
         <size>0x6c</size>
         <alignment>0x2</alignment>
         <input_file_ref idref="fl-2d"/>
      </object_component>
      <object_component id="oc-193">
         <name>.text.Power_setDependency</name>
         <load_address>0x1003cc0</load_address>
         <readonly>true</readonly>
         <executable>true</executable>
         <run_address>0x1003cc0</run_address>
         <size>0x6c</size>
         <alignment>0x4</alignment>
         <input_file_ref idref="fl-18"/>
      </object_component>
      <object_component id="oc-23e">
         <name>.text.UDMACC32XX_open</name>
         <load_address>0x1003d2c</load_address>
         <readonly>true</readonly>
         <executable>true</executable>
         <run_address>0x1003d2c</run_address>
         <size>0x6c</size>
         <alignment>0x4</alignment>
         <input_file_ref idref="fl-20"/>
      </object_component>
      <object_component id="oc-136">
         <name>.text.powerNotifyFxn</name>
         <load_address>0x1003d98</load_address>
         <readonly>true</readonly>
         <executable>true</executable>
         <run_address>0x1003d98</run_address>
         <size>0x6c</size>
         <alignment>0x4</alignment>
         <input_file_ref idref="fl-15"/>
      </object_component>
      <object_component id="oc-33d">
         <name>.text.split</name>
         <load_address>0x1003e04</load_address>
         <readonly>true</readonly>
         <executable>true</executable>
         <run_address>0x1003e04</run_address>
         <size>0x6c</size>
         <alignment>0x4</alignment>
         <input_file_ref idref="fl-45"/>
      </object_component>
      <object_component id="oc-115">
         <name>.text.PRCMPeripheralReset</name>
         <load_address>0x1003e70</load_address>
         <readonly>true</readonly>
         <executable>true</executable>
         <run_address>0x1003e70</run_address>
         <size>0x6a</size>
         <alignment>0x2</alignment>
         <input_file_ref idref="fl-2e"/>
      </object_component>
      <object_component id="oc-245">
         <name>.text.UART2CC32XX_eventCallback</name>
         <load_address>0x1003eda</load_address>
         <readonly>true</readonly>
         <executable>true</executable>
         <run_address>0x1003eda</run_address>
         <size>0x2</size>
         <alignment>0x2</alignment>
         <input_file_ref idref="fl-1d"/>
      </object_component>
      <object_component id="oc-252">
         <name>.text.I2CCC32XX_initHw</name>
         <load_address>0x1003edc</load_address>
         <readonly>true</readonly>
         <executable>true</executable>
         <run_address>0x1003edc</run_address>
         <size>0x68</size>
         <alignment>0x4</alignment>
         <input_file_ref idref="fl-17"/>
      </object_component>
      <object_component id="oc-2d1">
         <name>.text.IntPendClear</name>
         <load_address>0x1003f44</load_address>
         <readonly>true</readonly>
         <executable>true</executable>
         <run_address>0x1003f44</run_address>
         <size>0x68</size>
         <alignment>0x2</alignment>
         <input_file_ref idref="fl-2c"/>
      </object_component>
      <object_component id="oc-2f3">
         <name>.text.I2CCC32XX_primeWriteBurst</name>
         <load_address>0x1003fac</load_address>
         <readonly>true</readonly>
         <executable>true</executable>
         <run_address>0x1003fac</run_address>
         <size>0x66</size>
         <alignment>0x2</alignment>
         <input_file_ref idref="fl-17"/>
      </object_component>
      <object_component id="oc-32b">
         <name>.text.__aeabi_ldiv0</name>
         <load_address>0x1004012</load_address>
         <readonly>true</readonly>
         <executable>true</executable>
         <run_address>0x1004012</run_address>
         <size>0x2</size>
         <alignment>0x2</alignment>
         <input_file_ref idref="fl-e3"/>
      </object_component>
      <object_component id="oc-273">
         <name>.text.GPIO_write</name>
         <load_address>0x1004014</load_address>
         <readonly>true</readonly>
         <executable>true</executable>
         <run_address>0x1004014</run_address>
         <size>0x60</size>
         <alignment>0x4</alignment>
         <input_file_ref idref="fl-15"/>
      </object_component>
      <object_component id="oc-167">
         <name>.text.Timer_setPeriod</name>
         <load_address>0x1004074</load_address>
         <readonly>true</readonly>
         <executable>true</executable>
         <run_address>0x1004074</run_address>
         <size>0x60</size>
         <alignment>0x4</alignment>
         <input_file_ref idref="fl-1a"/>
      </object_component>
      <object_component id="oc-27a">
         <name>.text.UART2Support_dmaStopTx</name>
         <load_address>0x10040d4</load_address>
         <readonly>true</readonly>
         <executable>true</executable>
         <run_address>0x10040d4</run_address>
         <size>0x60</size>
         <alignment>0x2</alignment>
         <input_file_ref idref="fl-1d"/>
      </object_component>
      <object_component id="oc-337">
         <name>.text.FlashDisable</name>
         <load_address>0x1004134</load_address>
         <readonly>true</readonly>
         <executable>true</executable>
         <run_address>0x1004134</run_address>
         <size>0x5c</size>
         <alignment>0x2</alignment>
         <input_file_ref idref="fl-35"/>
      </object_component>
      <object_component id="oc-2f8">
         <name>.text.I2CSupport_primeTransfer</name>
         <load_address>0x1004190</load_address>
         <readonly>true</readonly>
         <executable>true</executable>
         <run_address>0x1004190</run_address>
         <size>0x5c</size>
         <alignment>0x2</alignment>
         <input_file_ref idref="fl-17"/>
      </object_component>
      <object_component id="oc-17d">
         <name>.text.PRCMHibernateWakeupSourceDisable</name>
         <load_address>0x10041ec</load_address>
         <readonly>true</readonly>
         <executable>true</executable>
         <run_address>0x10041ec</run_address>
         <size>0x5c</size>
         <alignment>0x2</alignment>
         <input_file_ref idref="fl-2e"/>
      </object_component>
      <object_component id="oc-1d6">
         <name>.text.TimerCC32XX_allocateTimerResource</name>
         <load_address>0x1004248</load_address>
         <readonly>true</readonly>
         <executable>true</executable>
         <run_address>0x1004248</run_address>
         <size>0x5c</size>
         <alignment>0x4</alignment>
         <input_file_ref idref="fl-1b"/>
      </object_component>
      <object_component id="oc-f7">
         <name>.text.checkSetPointButtons</name>
         <load_address>0x10042a4</load_address>
         <readonly>true</readonly>
         <executable>true</executable>
         <run_address>0x10042a4</run_address>
         <size>0x5c</size>
         <alignment>0x4</alignment>
         <input_file_ref idref="fl-1"/>
      </object_component>
      <object_component id="oc-ee">
         <name>.text.init_system</name>
         <load_address>0x1004300</load_address>
         <readonly>true</readonly>
         <executable>true</executable>
         <run_address>0x1004300</run_address>
         <size>0x5c</size>
         <alignment>0x4</alignment>
         <input_file_ref idref="fl-1"/>
      </object_component>
      <object_component id="oc-114">
         <name>.text.PRCMPeripheralClkEnable</name>
         <load_address>0x100435c</load_address>
         <readonly>true</readonly>
         <executable>true</executable>
         <run_address>0x100435c</run_address>
         <size>0x5a</size>
         <alignment>0x2</alignment>
         <input_file_ref idref="fl-2e"/>
      </object_component>
      <object_component id="oc-169">
         <name>.text._nop</name>
         <load_address>0x10043b6</load_address>
         <readonly>true</readonly>
         <executable>true</executable>
         <run_address>0x10043b6</run_address>
         <size>0x2</size>
         <alignment>0x2</alignment>
         <input_file_ref idref="fl-53"/>
      </object_component>
      <object_component id="oc-28e">
         <name>.text.ClockP_startup</name>
         <load_address>0x10043b8</load_address>
         <readonly>true</readonly>
         <executable>true</executable>
         <run_address>0x10043b8</run_address>
         <size>0x58</size>
         <alignment>0x4</alignment>
         <input_file_ref idref="fl-23"/>
      </object_component>
      <object_component id="oc-2ae">
         <name>.text.IntPrioritySet</name>
         <load_address>0x1004410</load_address>
         <readonly>true</readonly>
         <executable>true</executable>
         <run_address>0x1004410</run_address>
         <size>0x58</size>
         <alignment>0x2</alignment>
         <input_file_ref idref="fl-2c"/>
      </object_component>
      <object_component id="oc-2a7">
         <name>.text.PRCMLPDSEnter</name>
         <load_address>0x1004468</load_address>
         <readonly>true</readonly>
         <executable>true</executable>
         <run_address>0x1004468</run_address>
         <size>0x56</size>
         <alignment>0x2</alignment>
         <input_file_ref idref="fl-2e"/>
      </object_component>
      <object_component id="oc-58">
         <name>.text.busFaultHandler</name>
         <load_address>0x10044be</load_address>
         <readonly>true</readonly>
         <executable>true</executable>
         <run_address>0x10044be</run_address>
         <size>0x2</size>
         <alignment>0x2</alignment>
         <input_file_ref idref="fl-26"/>
      </object_component>
      <object_component id="oc-1ac">
         <name>.text.PowerCC32XX_setParkState</name>
         <load_address>0x10044c0</load_address>
         <readonly>true</readonly>
         <executable>true</executable>
         <run_address>0x10044c0</run_address>
         <size>0x54</size>
         <alignment>0x4</alignment>
         <input_file_ref idref="fl-18"/>
      </object_component>
      <object_component id="oc-2d8">
         <name>.text.Power_releaseDependency</name>
         <load_address>0x1004514</load_address>
         <readonly>true</readonly>
         <executable>true</executable>
         <run_address>0x1004514</run_address>
         <size>0x54</size>
         <alignment>0x4</alignment>
         <input_file_ref idref="fl-18"/>
      </object_component>
      <object_component id="oc-1a0">
         <name>.text.GPIO_hwiIntFxn</name>
         <load_address>0x1004568</load_address>
         <readonly>true</readonly>
         <executable>true</executable>
         <run_address>0x1004568</run_address>
         <size>0x50</size>
         <alignment>0x4</alignment>
         <input_file_ref idref="fl-15"/>
      </object_component>
      <object_component id="oc-17c">
         <name>.text.PRCMHibernateWakeupSourceEnable</name>
         <load_address>0x10045b8</load_address>
         <readonly>true</readonly>
         <executable>true</executable>
         <run_address>0x10045b8</run_address>
         <size>0x50</size>
         <alignment>0x2</alignment>
         <input_file_ref idref="fl-2e"/>
      </object_component>
      <object_component id="oc-21f">
         <name>.text.SemaphoreP_construct</name>
         <load_address>0x1004608</load_address>
         <readonly>true</readonly>
         <executable>true</executable>
         <run_address>0x1004608</run_address>
         <size>0x50</size>
         <alignment>0x4</alignment>
         <input_file_ref idref="fl-22"/>
      </object_component>
      <object_component id="oc-2cc">
         <name>.text.uDMAChannelAssign</name>
         <load_address>0x1004658</load_address>
         <readonly>true</readonly>
         <executable>true</executable>
         <run_address>0x1004658</run_address>
         <size>0x4e</size>
         <alignment>0x2</alignment>
         <input_file_ref idref="fl-33"/>
      </object_component>
      <object_component id="oc-191">
         <name>.text.clkFxn</name>
         <load_address>0x10046a6</load_address>
         <readonly>true</readonly>
         <executable>true</executable>
         <run_address>0x10046a6</run_address>
         <size>0x2</size>
         <alignment>0x2</alignment>
         <input_file_ref idref="fl-22"/>
      </object_component>
      <object_component id="oc-19c">
         <name>.text.GPIO_setInterruptConfig</name>
         <load_address>0x10046a8</load_address>
         <readonly>true</readonly>
         <executable>true</executable>
         <run_address>0x10046a8</run_address>
         <size>0x4c</size>
         <alignment>0x4</alignment>
         <input_file_ref idref="fl-15"/>
      </object_component>
      <object_component id="oc-335">
         <name>.text.PRCMLPDSRestoreInfoSet</name>
         <load_address>0x10046f4</load_address>
         <readonly>true</readonly>
         <executable>true</executable>
         <run_address>0x10046f4</run_address>
         <size>0x4c</size>
         <alignment>0x2</alignment>
         <input_file_ref idref="fl-2e"/>
      </object_component>
      <object_component id="oc-1db">
         <name>.text.initHw</name>
         <load_address>0x1004740</load_address>
         <readonly>true</readonly>
         <executable>true</executable>
         <run_address>0x1004740</run_address>
         <size>0x4c</size>
         <alignment>0x2</alignment>
         <input_file_ref idref="fl-1b"/>
      </object_component>
      <object_component id="oc-2e0">
         <name>.text.UART2Support_dmaStopRx</name>
         <load_address>0x100478c</load_address>
         <readonly>true</readonly>
         <executable>true</executable>
         <run_address>0x100478c</run_address>
         <size>0x4a</size>
         <alignment>0x2</alignment>
         <input_file_ref idref="fl-1d"/>
      </object_component>
      <object_component id="oc-1da">
         <name>.text.getPrescaler</name>
         <load_address>0x10047d6</load_address>
         <readonly>true</readonly>
         <executable>true</executable>
         <run_address>0x10047d6</run_address>
         <size>0x4a</size>
         <alignment>0x2</alignment>
         <input_file_ref idref="fl-1b"/>
      </object_component>
      <object_component id="oc-306">
         <name>.text.uDMAChannelSizeGet</name>
         <load_address>0x1004820</load_address>
         <readonly>true</readonly>
         <executable>true</executable>
         <run_address>0x1004820</run_address>
         <size>0x4a</size>
         <alignment>0x2</alignment>
         <input_file_ref idref="fl-33"/>
      </object_component>
      <object_component id="oc-57">
         <name>.text.defaultHandler</name>
         <load_address>0x100486a</load_address>
         <readonly>true</readonly>
         <executable>true</executable>
         <run_address>0x100486a</run_address>
         <size>0x2</size>
         <alignment>0x2</alignment>
         <input_file_ref idref="fl-26"/>
      </object_component>
      <object_component id="oc-59">
         <name>.text.ClockP_sysTickHandler</name>
         <load_address>0x100486c</load_address>
         <readonly>true</readonly>
         <executable>true</executable>
         <run_address>0x100486c</run_address>
         <size>0x48</size>
         <alignment>0x4</alignment>
         <input_file_ref idref="fl-23"/>
      </object_component>
      <object_component id="oc-2a1">
         <name>.text.PRCMIntEnable</name>
         <load_address>0x10048b4</load_address>
         <readonly>true</readonly>
         <executable>true</executable>
         <run_address>0x10048b4</run_address>
         <size>0x48</size>
         <alignment>0x2</alignment>
         <input_file_ref idref="fl-2e"/>
      </object_component>
      <object_component id="oc-224">
         <name>.text.PRCMPeripheralStatusGet</name>
         <load_address>0x10048fc</load_address>
         <readonly>true</readonly>
         <executable>true</executable>
         <run_address>0x10048fc</run_address>
         <size>0x48</size>
         <alignment>0x2</alignment>
         <input_file_ref idref="fl-2e"/>
      </object_component>
      <object_component id="oc-332">
         <name>.text.PinConfigGet</name>
         <load_address>0x1004944</load_address>
         <readonly>true</readonly>
         <executable>true</executable>
         <run_address>0x1004944</run_address>
         <size>0x48</size>
         <alignment>0x2</alignment>
         <input_file_ref idref="fl-2d"/>
      </object_component>
      <object_component id="oc-1f5">
         <name>.text.__fixdfsi</name>
         <load_address>0x100498c</load_address>
         <readonly>true</readonly>
         <executable>true</executable>
         <run_address>0x100498c</run_address>
         <size>0x48</size>
         <alignment>0x4</alignment>
         <input_file_ref idref="fl-db"/>
      </object_component>
      <object_component id="oc-f9">
         <name>.text.sendStateToUART</name>
         <load_address>0x10049d4</load_address>
         <readonly>true</readonly>
         <executable>true</executable>
         <run_address>0x10049d4</run_address>
         <size>0x48</size>
         <alignment>0x4</alignment>
         <input_file_ref idref="fl-1"/>
      </object_component>
      <object_component id="oc-2f1">
         <name>.text.I2CCC32XX_fillTransmitFifo</name>
         <load_address>0x1004a1c</load_address>
         <readonly>true</readonly>
         <executable>true</executable>
         <run_address>0x1004a1c</run_address>
         <size>0x46</size>
         <alignment>0x2</alignment>
         <input_file_ref idref="fl-17"/>
      </object_component>
      <object_component id="oc-2a6">
         <name>.text.PRCMLPDSEnterKeepDebugIf</name>
         <load_address>0x1004a62</load_address>
         <readonly>true</readonly>
         <executable>true</executable>
         <run_address>0x1004a62</run_address>
         <size>0x46</size>
         <alignment>0x2</alignment>
         <input_file_ref idref="fl-2e"/>
      </object_component>
      <object_component id="oc-34e">
         <name>.text.RingBuf_put</name>
         <load_address>0x1004aa8</load_address>
         <readonly>true</readonly>
         <executable>true</executable>
         <run_address>0x1004aa8</run_address>
         <size>0x46</size>
         <alignment>0x2</alignment>
         <input_file_ref idref="fl-1f"/>
      </object_component>
      <object_component id="oc-196">
         <name>.text.GPIODirModeSet</name>
         <load_address>0x1004aee</load_address>
         <readonly>true</readonly>
         <executable>true</executable>
         <run_address>0x1004aee</run_address>
         <size>0x44</size>
         <alignment>0x2</alignment>
         <input_file_ref idref="fl-29"/>
      </object_component>
      <object_component id="oc-56">
         <name>.text.faultISR</name>
         <load_address>0x1004b32</load_address>
         <readonly>true</readonly>
         <executable>true</executable>
         <run_address>0x1004b32</run_address>
         <size>0x2</size>
         <alignment>0x2</alignment>
         <input_file_ref idref="fl-26"/>
      </object_component>
      <object_component id="oc-229">
         <name>.text.GPIO_disableInt</name>
         <load_address>0x1004b34</load_address>
         <readonly>true</readonly>
         <executable>true</executable>
         <run_address>0x1004b34</run_address>
         <size>0x44</size>
         <alignment>0x4</alignment>
         <input_file_ref idref="fl-15"/>
      </object_component>
      <object_component id="oc-142">
         <name>.text.GPIO_enableInt</name>
         <load_address>0x1004b78</load_address>
         <readonly>true</readonly>
         <executable>true</executable>
         <run_address>0x1004b78</run_address>
         <size>0x44</size>
         <alignment>0x4</alignment>
         <input_file_ref idref="fl-15"/>
      </object_component>
      <object_component id="oc-28a">
         <name>.text.Power_releaseConstraint</name>
         <load_address>0x1004bbc</load_address>
         <readonly>true</readonly>
         <executable>true</executable>
         <run_address>0x1004bbc</run_address>
         <size>0x44</size>
         <alignment>0x4</alignment>
         <input_file_ref idref="fl-18"/>
      </object_component>
      <object_component id="oc-154">
         <name>.text.Timer_start</name>
         <load_address>0x1004c00</load_address>
         <readonly>true</readonly>
         <executable>true</executable>
         <run_address>0x1004c00</run_address>
         <size>0x44</size>
         <alignment>0x2</alignment>
         <input_file_ref idref="fl-1a"/>
      </object_component>
      <object_component id="oc-7e">
         <name>.text.addToList</name>
         <load_address>0x1004c44</load_address>
         <readonly>true</readonly>
         <executable>true</executable>
         <run_address>0x1004c44</run_address>
         <size>0x44</size>
         <alignment>0x4</alignment>
         <input_file_ref idref="fl-23"/>
      </object_component>
      <object_component id="oc-ef">
         <name>.text.initTimer</name>
         <load_address>0x1004c88</load_address>
         <readonly>true</readonly>
         <executable>true</executable>
         <run_address>0x1004c88</run_address>
         <size>0x44</size>
         <alignment>0x4</alignment>
         <input_file_ref idref="fl-1"/>
      </object_component>
      <object_component id="oc-15b">
         <name>.text.snprintf</name>
         <load_address>0x1004ccc</load_address>
         <readonly>true</readonly>
         <executable>true</executable>
         <run_address>0x1004ccc</run_address>
         <size>0x44</size>
         <alignment>0x4</alignment>
         <input_file_ref idref="fl-44"/>
      </object_component>
      <object_component id="oc-11c">
         <name>.text.PinModeSet</name>
         <load_address>0x1004d10</load_address>
         <readonly>true</readonly>
         <executable>true</executable>
         <run_address>0x1004d10</run_address>
         <size>0x42</size>
         <alignment>0x2</alignment>
         <input_file_ref idref="fl-2d"/>
      </object_component>
      <object_component id="oc-26c">
         <name>.text.TimerControlStall</name>
         <load_address>0x1004d52</load_address>
         <readonly>true</readonly>
         <executable>true</executable>
         <run_address>0x1004d52</run_address>
         <size>0x42</size>
         <alignment>0x2</alignment>
         <input_file_ref idref="fl-31"/>
      </object_component>
      <object_component id="oc-1d9">
         <name>.text.Timer_close</name>
         <load_address>0x1004d94</load_address>
         <readonly>true</readonly>
         <executable>true</executable>
         <run_address>0x1004d94</run_address>
         <size>0x42</size>
         <alignment>0x2</alignment>
         <input_file_ref idref="fl-1b"/>
      </object_component>
      <object_component id="oc-20a">
         <name>.text.getCountsRTC</name>
         <load_address>0x1004dd6</load_address>
         <readonly>true</readonly>
         <executable>true</executable>
         <run_address>0x1004dd6</run_address>
         <size>0x42</size>
         <alignment>0x2</alignment>
         <input_file_ref idref="fl-25"/>
      </object_component>
      <object_component id="oc-131">
         <name>.text.SemaphoreP_post</name>
         <load_address>0x1004e18</load_address>
         <readonly>true</readonly>
         <executable>true</executable>
         <run_address>0x1004e18</run_address>
         <size>0x40</size>
         <alignment>0x4</alignment>
         <input_file_ref idref="fl-22"/>
      </object_component>
      <object_component id="oc-166">
         <name>.text.Timer_stop</name>
         <load_address>0x1004e58</load_address>
         <readonly>true</readonly>
         <executable>true</executable>
         <run_address>0x1004e58</run_address>
         <size>0x40</size>
         <alignment>0x2</alignment>
         <input_file_ref idref="fl-1a"/>
      </object_component>
      <object_component id="oc-314">
         <name>.text.atoi</name>
         <load_address>0x1004e98</load_address>
         <readonly>true</readonly>
         <executable>true</executable>
         <run_address>0x1004e98</run_address>
         <size>0x40</size>
         <alignment>0x4</alignment>
         <input_file_ref idref="fl-57"/>
      </object_component>
      <object_component id="oc-300">
         <name>.text.uDMAChannelControlSet</name>
         <load_address>0x1004ed8</load_address>
         <readonly>true</readonly>
         <executable>true</executable>
         <run_address>0x1004ed8</run_address>
         <size>0x40</size>
         <alignment>0x2</alignment>
         <input_file_ref idref="fl-33"/>
      </object_component>
      <object_component id="oc-334">
         <name>.text.PinDirModeSet</name>
         <load_address>0x1004f18</load_address>
         <readonly>true</readonly>
         <executable>true</executable>
         <run_address>0x1004f18</run_address>
         <size>0x3e</size>
         <alignment>0x2</alignment>
         <input_file_ref idref="fl-2d"/>
      </object_component>
      <object_component id="oc-55">
         <name>.text.nmiISR</name>
         <load_address>0x1004f56</load_address>
         <readonly>true</readonly>
         <executable>true</executable>
         <run_address>0x1004f56</run_address>
         <size>0x2</size>
         <alignment>0x2</alignment>
         <input_file_ref idref="fl-26"/>
      </object_component>
      <object_component id="oc-223">
         <name>.text.ClockP_stop</name>
         <load_address>0x1004f58</load_address>
         <readonly>true</readonly>
         <executable>true</executable>
         <run_address>0x1004f58</run_address>
         <size>0x3c</size>
         <alignment>0x4</alignment>
         <input_file_ref idref="fl-23"/>
      </object_component>
      <object_component id="oc-239">
         <name>.text.UDMACC32XX_init</name>
         <load_address>0x1004f94</load_address>
         <readonly>true</readonly>
         <executable>true</executable>
         <run_address>0x1004f94</run_address>
         <size>0x3c</size>
         <alignment>0x4</alignment>
         <input_file_ref idref="fl-20"/>
      </object_component>
      <object_component id="oc-1e3">
         <name>.text.TimerSupport_timerEnable</name>
         <load_address>0x1004fd0</load_address>
         <readonly>true</readonly>
         <executable>true</executable>
         <run_address>0x1004fd0</run_address>
         <size>0x3a</size>
         <alignment>0x2</alignment>
         <input_file_ref idref="fl-1b"/>
      </object_component>
      <object_component id="oc-190">
         <name>.text.ClockP_destruct</name>
         <load_address>0x100500c</load_address>
         <readonly>true</readonly>
         <executable>true</executable>
         <run_address>0x100500c</run_address>
         <size>0x38</size>
         <alignment>0x4</alignment>
         <input_file_ref idref="fl-23"/>
      </object_component>
      <object_component id="oc-271">
         <name>.text.Power_setConstraint</name>
         <load_address>0x1005044</load_address>
         <readonly>true</readonly>
         <executable>true</executable>
         <run_address>0x1005044</run_address>
         <size>0x38</size>
         <alignment>0x4</alignment>
         <input_file_ref idref="fl-18"/>
      </object_component>
      <object_component id="oc-277">
         <name>.text.RingBuf_putAdvance</name>
         <load_address>0x100507c</load_address>
         <readonly>true</readonly>
         <executable>true</executable>
         <run_address>0x100507c</run_address>
         <size>0x38</size>
         <alignment>0x2</alignment>
         <input_file_ref idref="fl-1f"/>
      </object_component>
      <object_component id="oc-21b">
         <name>.text.SwiP_restore</name>
         <load_address>0x10050b4</load_address>
         <readonly>true</readonly>
         <executable>true</executable>
         <run_address>0x10050b4</run_address>
         <size>0x38</size>
         <alignment>0x4</alignment>
         <input_file_ref idref="fl-27"/>
      </object_component>
      <object_component id="oc-2d7">
         <name>.text.UDMACC32XX_close</name>
         <load_address>0x10050ec</load_address>
         <readonly>true</readonly>
         <executable>true</executable>
         <run_address>0x10050ec</run_address>
         <size>0x38</size>
         <alignment>0x4</alignment>
         <input_file_ref idref="fl-20"/>
      </object_component>
      <object_component id="oc-c0">
         <name>.text:__TI_auto_init_nobinit_nopinit</name>
         <load_address>0x1005124</load_address>
         <readonly>true</readonly>
         <executable>true</executable>
         <run_address>0x1005124</run_address>
         <size>0x38</size>
         <alignment>0x4</alignment>
         <input_file_ref idref="fl-48"/>
      </object_component>
      <object_component id="oc-29c">
         <name>.text.PinLock</name>
         <load_address>0x100515c</load_address>
         <readonly>true</readonly>
         <executable>true</executable>
         <run_address>0x100515c</run_address>
         <size>0x36</size>
         <alignment>0x2</alignment>
         <input_file_ref idref="fl-2d"/>
      </object_component>
      <object_component id="oc-1e0">
         <name>.text.TimerCC32XX_hwiIntFunction</name>
         <load_address>0x1005192</load_address>
         <readonly>true</readonly>
         <executable>true</executable>
         <run_address>0x1005192</run_address>
         <size>0x36</size>
         <alignment>0x2</alignment>
         <input_file_ref idref="fl-1b"/>
      </object_component>
      <object_component id="oc-309">
         <name>.text.UARTCharPutNonBlocking</name>
         <load_address>0x10051c8</load_address>
         <readonly>true</readonly>
         <executable>true</executable>
         <run_address>0x10051c8</run_address>
         <size>0x36</size>
         <alignment>0x2</alignment>
         <input_file_ref idref="fl-32"/>
      </object_component>
      <object_component id="oc-18d">
         <name>.text.ClockP_start</name>
         <load_address>0x1005200</load_address>
         <readonly>true</readonly>
         <executable>true</executable>
         <run_address>0x1005200</run_address>
         <size>0x34</size>
         <alignment>0x4</alignment>
         <input_file_ref idref="fl-23"/>
      </object_component>
      <object_component id="oc-351">
         <name>.text.I2CFIFODataPutNonBlocking</name>
         <load_address>0x1005234</load_address>
         <readonly>true</readonly>
         <executable>true</executable>
         <run_address>0x1005234</run_address>
         <size>0x34</size>
         <alignment>0x2</alignment>
         <input_file_ref idref="fl-2b"/>
      </object_component>
      <object_component id="oc-333">
         <name>.text.PinDirModeGet</name>
         <load_address>0x1005268</load_address>
         <readonly>true</readonly>
         <executable>true</executable>
         <run_address>0x1005268</run_address>
         <size>0x34</size>
         <alignment>0x2</alignment>
         <input_file_ref idref="fl-2d"/>
      </object_component>
      <object_component id="oc-117">
         <name>.text.PinModeGet</name>
         <load_address>0x100529c</load_address>
         <readonly>true</readonly>
         <executable>true</executable>
         <run_address>0x100529c</run_address>
         <size>0x34</size>
         <alignment>0x2</alignment>
         <input_file_ref idref="fl-2d"/>
      </object_component>
      <object_component id="oc-299">
         <name>.text.PowerCC32XX_parkPin</name>
         <load_address>0x10052d0</load_address>
         <readonly>true</readonly>
         <executable>true</executable>
         <run_address>0x10052d0</run_address>
         <size>0x34</size>
         <alignment>0x2</alignment>
         <input_file_ref idref="fl-18"/>
      </object_component>
      <object_component id="oc-264">
         <name>.text.TimerCC32XX_freeTimerResource</name>
         <load_address>0x1005304</load_address>
         <readonly>true</readonly>
         <executable>true</executable>
         <run_address>0x1005304</run_address>
         <size>0x34</size>
         <alignment>0x4</alignment>
         <input_file_ref idref="fl-1b"/>
      </object_component>
      <object_component id="oc-2d4">
         <name>.text.UART2_rxDisable</name>
         <load_address>0x1005338</load_address>
         <readonly>true</readonly>
         <executable>true</executable>
         <run_address>0x1005338</run_address>
         <size>0x34</size>
         <alignment>0x2</alignment>
         <input_file_ref idref="fl-1c"/>
      </object_component>
      <object_component id="oc-50">
         <name>.text.initVectors</name>
         <load_address>0x100536c</load_address>
         <readonly>true</readonly>
         <executable>true</executable>
         <run_address>0x100536c</run_address>
         <size>0x34</size>
         <alignment>0x4</alignment>
         <input_file_ref idref="fl-26"/>
      </object_component>
      <object_component id="oc-fd">
         <name>.text.setTimerPeriod</name>
         <load_address>0x10053a0</load_address>
         <readonly>true</readonly>
         <executable>true</executable>
         <run_address>0x10053a0</run_address>
         <size>0x34</size>
         <alignment>0x4</alignment>
         <input_file_ref idref="fl-1"/>
      </object_component>
      <object_component id="oc-207">
         <name>.text.ClockP_getTicksUntilInterrupt</name>
         <load_address>0x10053d4</load_address>
         <readonly>true</readonly>
         <executable>true</executable>
         <run_address>0x10053d4</run_address>
         <size>0x30</size>
         <alignment>0x4</alignment>
         <input_file_ref idref="fl-23"/>
      </object_component>
      <object_component id="oc-2f0">
[...]
         <name>PinLock</name>
         <value>0x100515d</value>
         <object_component_ref idref="oc-29c"/>
      </symbol>
      <symbol id="sm-55d">
         <name>PinLockLevelSet</name>
         <value>0x1003c55</value>
         <object_component_ref idref="oc-29a"/>
      </symbol>
      <symbol id="sm-55e">
         <name>PinModeGet</name>
         <value>0x100529d</value>
         <object_component_ref idref="oc-117"/>
      </symbol>
      <symbol id="sm-55f">
         <name>PinModeSet</name>
         <value>0x1004d11</value>
         <object_component_ref idref="oc-11c"/>
      </symbol>
      <symbol id="sm-560">
         <name>PinToPadGet</name>
         <value>0x1005db5</value>
         <object_component_ref idref="oc-29b"/>
      </symbol>
      <symbol id="sm-561">
         <name>PinTypeI2C</name>
         <value>0x1005b11</value>
         <object_component_ref idref="oc-251"/>
      </symbol>
      <symbol id="sm-562">
         <name>PinTypeUART</name>
         <value>0x1005bd1</value>
         <object_component_ref idref="oc-2b5"/>
      </symbol>
      <symbol id="sm-563">
         <name>PinUnlock</name>
         <value>0x1005a8b</value>
         <object_component_ref idref="oc-2a2"/>
      </symbol>
      <symbol id="sm-615">
         <name>PRCMCC3200MCUInit</name>
         <value>0x10010ad</value>
         <object_component_ref idref="oc-d3"/>
      </symbol>
      <symbol id="sm-616">
         <name>PRCMHIBRegRead</name>
         <value>0x1005d67</value>
         <object_component_ref idref="oc-113"/>
      </symbol>
      <symbol id="sm-617">
         <name>PRCMHIBRegWrite</name>
         <value>0x1005d81</value>
         <object_component_ref idref="oc-112"/>
      </symbol>
      <symbol id="sm-618">
         <name>PRCMHibernateWakeUpGPIOSelect</name>
         <value>0x1003a89</value>
         <object_component_ref idref="oc-17b"/>
      </symbol>
      <symbol id="sm-619">
         <name>PRCMHibernateWakeupSourceDisable</name>
         <value>0x10041ed</value>
         <object_component_ref idref="oc-17d"/>
      </symbol>
      <symbol id="sm-61a">
         <name>PRCMHibernateWakeupSourceEnable</name>
         <value>0x10045b9</value>
         <object_component_ref idref="oc-17c"/>
      </symbol>
      <symbol id="sm-61b">
         <name>PRCMIntEnable</name>
         <value>0x10048b5</value>
         <object_component_ref idref="oc-2a1"/>
      </symbol>
      <symbol id="sm-61c">
         <name>PRCMLPDSEnter</name>
         <value>0x1004469</value>
         <object_component_ref idref="oc-2a7"/>
      </symbol>
      <symbol id="sm-61d">
         <name>PRCMLPDSEnterKeepDebugIf</name>
         <value>0x1004a63</value>
         <object_component_ref idref="oc-2a6"/>
      </symbol>
      <symbol id="sm-61e">
         <name>PRCMLPDSIntervalSet</name>
         <value>0x1005435</value>
         <object_component_ref idref="oc-214"/>
      </symbol>
      <symbol id="sm-61f">
         <name>PRCMLPDSRestoreInfoSet</name>
         <value>0x10046f5</value>
         <object_component_ref idref="oc-335"/>
      </symbol>
      <symbol id="sm-620">
         <name>PRCMLPDSWakeUpGPIOSelect</name>
         <value>0x1005717</value>
         <object_component_ref idref="oc-17a"/>
      </symbol>
      <symbol id="sm-621">
         <name>PRCMLPDSWakeupCauseGet</name>
         <value>0x1006347</value>
         <object_component_ref idref="oc-2a4"/>
      </symbol>
      <symbol id="sm-622">
         <name>PRCMLPDSWakeupSourceDisable</name>
         <value>0x1005d9b</value>
         <object_component_ref idref="oc-179"/>
      </symbol>
      <symbol id="sm-623">
         <name>PRCMLPDSWakeupSourceEnable</name>
         <value>0x1005991</value>
         <object_component_ref idref="oc-178"/>
      </symbol>
      <symbol id="sm-624">
         <name>PRCMPeripheralClkDisable</name>
         <value>0x1005741</value>
         <object_component_ref idref="oc-116"/>
      </symbol>
      <symbol id="sm-625">
         <name>PRCMPeripheralClkEnable</name>
         <value>0x100435d</value>
         <object_component_ref idref="oc-114"/>
      </symbol>
      <symbol id="sm-626">
         <name>PRCMPeripheralReset</name>
         <value>0x1003e71</value>
         <object_component_ref idref="oc-115"/>
      </symbol>
      <symbol id="sm-627">
         <name>PRCMPeripheralStatusGet</name>
         <value>0x10048fd</value>
         <object_component_ref idref="oc-224"/>
      </symbol>
      <symbol id="sm-628">
         <name>PRCMSRAMRetentionEnable</name>
         <value>0x100585d</value>
         <object_component_ref idref="oc-298"/>
      </symbol>
      <symbol id="sm-629">
         <name>PRCMSleepEnter</name>
         <value>0x1006435</value>
         <object_component_ref idref="oc-21a"/>
      </symbol>
      <symbol id="sm-62a">
         <name>PRCMSlowClkCtrFastGet</name>
         <value>0x1005465</value>
         <object_component_ref idref="oc-28f"/>
      </symbol>
      <symbol id="sm-62b">
         <name>PRCMSysResetCauseGet</name>
         <value>0x1003809</value>
         <object_component_ref idref="oc-10d"/>
      </symbol>
      <symbol id="sm-649">
         <name>SysTickEnable</name>
         <value>0x10060e7</value>
         <object_component_ref idref="oc-218"/>
      </symbol>
      <symbol id="sm-64a">
         <name>SysTickIntDisable</name>
         <value>0x10060f9</value>
         <object_component_ref idref="oc-20f"/>
      </symbol>
      <symbol id="sm-64b">
         <name>SysTickIntEnable</name>
         <value>0x100610b</value>
         <object_component_ref idref="oc-219"/>
      </symbol>
      <symbol id="sm-64c">
         <name>SysTickPeriodSet</name>
         <value>0x1005eb9</value>
         <object_component_ref idref="oc-217"/>
      </symbol>
      <symbol id="sm-68b">
         <name>TimerControlStall</name>
         <value>0x1004d53</value>
         <object_component_ref idref="oc-26c"/>
      </symbol>
      <symbol id="sm-68c">
         <name>TimerDisable</name>
         <value>0x1005bb1</value>
         <object_component_ref idref="oc-265"/>
      </symbol>
      <symbol id="sm-68d">
         <name>TimerEnable</name>
         <value>0x1005dcf</value>
         <object_component_ref idref="oc-272"/>
      </symbol>
      <symbol id="sm-68e">
         <name>TimerIntClear</name>
         <value>0x10061d1</value>
         <object_component_ref idref="oc-26f"/>
      </symbol>
      <symbol id="sm-68f">
         <name>TimerIntDisable</name>
         <value>0x1005ecf</value>
         <object_component_ref idref="oc-289"/>
      </symbol>
      <symbol id="sm-690">
         <name>TimerIntEnable</name>
         <value>0x1005fdd</value>
         <object_component_ref idref="oc-270"/>
      </symbol>
      <symbol id="sm-691">
         <name>TimerLoadSet</name>
         <value>0x1005495</value>
         <object_component_ref idref="oc-26b"/>
      </symbol>
      <symbol id="sm-692">
         <name>TimerPrescaleSet</name>
         <value>0x10054c5</value>
         <object_component_ref idref="oc-26a"/>
      </symbol>
      <symbol id="sm-6fc">
         <name>UARTBusy</name>
         <value>0x1006201</value>
         <object_component_ref idref="oc-30a"/>
      </symbol>
      <symbol id="sm-6fd">
         <name>UARTCharPutNonBlocking</name>
         <value>0x10051c9</value>
         <object_component_ref idref="oc-309"/>
      </symbol>
      <symbol id="sm-6fe">
         <name>UARTCharsAvail</name>
         <value>0x1005ee5</value>
         <object_component_ref idref="oc-2e1"/>
      </symbol>
      <symbol id="sm-6ff">
         <name>UARTConfigSetExpClk</name>
         <value>0x1003afd</value>
         <object_component_ref idref="oc-2c2"/>
      </symbol>
      <symbol id="sm-700">
         <name>UARTDMADisable</name>
         <value>0x1005efb</value>
         <object_component_ref idref="oc-2d3"/>
      </symbol>
      <symbol id="sm-701">
         <name>UARTDMAEnable</name>
         <value>0x1005ff1</value>
         <object_component_ref idref="oc-303"/>
      </symbol>
      <symbol id="sm-702">
         <name>UARTDisable</name>
         <value>0x10055df</value>
         <object_component_ref idref="oc-2d5"/>
      </symbol>
      <symbol id="sm-703">
         <name>UARTEnable</name>
         <value>0x1005c0d</value>
         <object_component_ref idref="oc-2c8"/>
      </symbol>
      <symbol id="sm-704">
         <name>UARTFIFOLevelSet</name>
         <value>0x1005f11</value>
         <object_component_ref idref="oc-2ca"/>
      </symbol>
      <symbol id="sm-705">
         <name>UARTFlowControlSet</name>
         <value>0x1005de9</value>
         <object_component_ref idref="oc-2cb"/>
      </symbol>
      <symbol id="sm-706">
         <name>UARTIntClear</name>
         <value>0x1006211</value>
         <object_component_ref idref="oc-2c7"/>
      </symbol>
      <symbol id="sm-707">
         <name>UARTIntDisable</name>
         <value>0x1005f27</value>
         <object_component_ref idref="oc-2d2"/>
      </symbol>
      <symbol id="sm-708">
         <name>UARTIntEnable</name>
         <value>0x1006005</value>
         <object_component_ref idref="oc-2c9"/>
      </symbol>
      <symbol id="sm-709">
         <name>UARTIntStatus</name>
         <value>0x100576b</value>
         <object_component_ref idref="oc-2dc"/>
      </symbol>
      <symbol id="sm-70a">
         <name>UARTRxErrorGet</name>
         <value>0x1006221</value>
         <object_component_ref idref="oc-2de"/>
      </symbol>
      <symbol id="sm-763">
         <name>uDMAChannelAssign</name>
         <value>0x1004659</value>
         <object_component_ref idref="oc-2cc"/>
      </symbol>
      <symbol id="sm-764">
         <name>uDMAChannelAttributeDisable</name>
         <value>0x10036e7</value>
         <object_component_ref idref="oc-2cd"/>
      </symbol>
      <symbol id="sm-765">
         <name>uDMAChannelControlSet</name>
         <value>0x1004ed9</value>
         <object_component_ref idref="oc-300"/>
      </symbol>
      <symbol id="sm-766">
         <name>uDMAChannelDisable</name>
         <value>0x1005c49</value>
         <object_component_ref idref="oc-305"/>
      </symbol>
      <symbol id="sm-767">
         <name>uDMAChannelEnable</name>
         <value>0x1005c67</value>
         <object_component_ref idref="oc-302"/>
      </symbol>
      <symbol id="sm-768">
         <name>uDMAChannelIsEnabled</name>
         <value>0x1005c85</value>
         <object_component_ref idref="oc-2df"/>
      </symbol>
      <symbol id="sm-769">
         <name>uDMAChannelSizeGet</name>
         <value>0x1004821</value>
         <object_component_ref idref="oc-306"/>
      </symbol>
      <symbol id="sm-76a">
         <name>uDMAChannelTransferSet</name>
         <value>0x1002897</value>
         <object_component_ref idref="oc-301"/>
      </symbol>
      <symbol id="sm-76b">
         <name>uDMAControlBaseSet</name>
         <value>0x100602d</value>
         <object_component_ref idref="oc-2bf"/>
      </symbol>
      <symbol id="sm-76c">
         <name>uDMAEnable</name>
         <value>0x10062c7</value>
         <object_component_ref idref="oc-2ba"/>
      </symbol>
      <symbol id="sm-76d">
         <name>uDMAErrorStatusClear</name>
         <value>0x10062d5</value>
         <object_component_ref idref="oc-3a1"/>
      </symbol>
      <symbol id="sm-76e">
         <name>uDMAErrorStatusGet</name>
         <value>0x10063c1</value>
         <object_component_ref idref="oc-3a0"/>
      </symbol>
      <symbol id="sm-76f">
         <name>uDMAIntClear</name>
         <value>0x1006041</value>
         <object_component_ref idref="oc-307"/>
      </symbol>
      <symbol id="sm-77a">
         <name>UtilsDelay</name>
         <value>0x100643d</value>
         <object_component_ref idref="oc-10e"/>
      </symbol>
      <symbol id="sm-7a7">
         <name>FlashDisable</name>
         <value>0x1004135</value>
         <object_component_ref idref="oc-337"/>
      </symbol>
      <symbol id="sm-7b8">
         <name>snprintf</name>
         <value>0x1004ccd</value>
         <object_component_ref idref="oc-15b"/>
      </symbol>
      <symbol id="sm-7d8">
         <name>malloc</name>
         <value>0x1006455</value>
         <object_component_ref idref="oc-21e"/>
      </symbol>
      <symbol id="sm-7d9">
         <name>aligned_alloc</name>
         <value>0x100265d</value>
         <object_component_ref idref="oc-2ab"/>
      </symbol>
      <symbol id="sm-7da">
         <name>free</name>
         <value>0x1002aa5</value>
         <object_component_ref idref="oc-18a"/>
      </symbol>
      <symbol id="sm-7db">
         <name>_sys_memory</name>
         <value>0x20000310</value>
         <object_component_ref idref="oc-32"/>
      </symbol>
      <symbol id="sm-7dc">
         <name>memalign</name>
         <value>0x100265d</value>
         <object_component_ref idref="oc-2ab"/>
      </symbol>
      <symbol id="sm-7e7">
         <name>_c_int00_noargs</name>
         <value>0x1005a45</value>
         <object_component_ref idref="oc-77"/>
      </symbol>
      <symbol id="sm-7e8">
         <name>__stack</name>
         <value>0x2003f000</value>
         <object_component_ref idref="oc-17"/>
      </symbol>
      <symbol id="sm-7f4">
         <name>__TI_auto_init_nobinit_nopinit</name>
         <value>0x1005125</value>
         <object_component_ref idref="oc-c0"/>
      </symbol>
      <symbol id="sm-7fc">
         <name>_system_pre_init</name>
         <value>0x10064ad</value>
         <object_component_ref idref="oc-8c"/>
      </symbol>
      <symbol id="sm-807">
         <name>__TI_zero_init</name>
         <value>0x1006271</value>
         <object_component_ref idref="oc-4a"/>
      </symbol>
      <symbol id="sm-810">
         <name>__TI_decompress_none</name>
         <value>0x10062f1</value>
         <object_component_ref idref="oc-1d"/>
      </symbol>
      <symbol id="sm-81a">
         <name>__TI_decompress_lzss</name>
         <value>0x1003be5</value>
         <object_component_ref idref="oc-19"/>
      </symbol>
      <symbol id="sm-83a">
         <name>__TI_printfi_nofloat</name>
         <value>0x1000841</value>
         <object_component_ref idref="oc-284"/>
      </symbol>
      <symbol id="sm-847">
         <name>__aeabi_errno_addr</name>
         <value>0x1006445</value>
         <object_component_ref idref="oc-31c"/>
      </symbol>
      <symbol id="sm-848">
         <name>__aeabi_errno</name>
         <value>0x200094a8</value>
         <object_component_ref idref="oc-362"/>
      </symbol>
      <symbol id="sm-852">
         <name>abort</name>
         <value>0x10064b1</value>
         <object_component_ref idref="oc-b9"/>
      </symbol>
      <symbol id="sm-853">
         <name>C$$EXIT</name>
         <value>0x10064b0</value>
         <object_component_ref idref="oc-b9"/>
      </symbol>
      <symbol id="sm-85c">
         <name>_nop</name>
         <value>0x10043b7</value>
         <object_component_ref idref="oc-169"/>
      </symbol>
      <symbol id="sm-85d">
         <name>_lock</name>
         <value>0x200094ac</value>
         <object_component_ref idref="oc-103"/>
      </symbol>
      <symbol id="sm-85e">
         <name>_unlock</name>
         <value>0x200094b0</value>
         <object_component_ref idref="oc-106"/>
      </symbol>
      <symbol id="sm-86b">
         <name>atoi</name>
         <value>0x1004e99</value>
         <object_component_ref idref="oc-314"/>
      </symbol>
      <symbol id="sm-875">
         <name>memccpy</name>
         <value>0x1005c2b</value>
         <object_component_ref idref="oc-30d"/>
      </symbol>
      <symbol id="sm-87e">
         <name>wcslen</name>
         <value>0x1006261</value>
         <object_component_ref idref="oc-318"/>
      </symbol>
      <symbol id="sm-884">
         <name>__aeabi_ctype_table_</name>
         <value>0x10064c0</value>
         <object_component_ref idref="oc-35b"/>
      </symbol>
      <symbol id="sm-885">
         <name>__aeabi_ctype_table_C</name>
         <value>0x10064c0</value>
         <object_component_ref idref="oc-35b"/>
      </symbol>
      <symbol id="sm-89d">
         <name>__aeabi_dmul</name>
         <value>0x10029a9</value>
         <object_component_ref idref="oc-1f1"/>
      </symbol>
      <symbol id="sm-89e">
         <name>__muldf3</name>
         <value>0x10029a9</value>
         <object_component_ref idref="oc-1f1"/>
      </symbol>
      <symbol id="sm-8a4">
         <name>__aeabi_d2iz</name>
         <value>0x100498d</value>
         <object_component_ref idref="oc-1f5"/>
      </symbol>
      <symbol id="sm-8a5">
         <name>__fixdfsi</name>
         <value>0x100498d</value>
         <object_component_ref idref="oc-1f5"/>
      </symbol>
      <symbol id="sm-8ab">
         <name>__aeabi_i2d</name>
         <value>0x100560d</value>
         <object_component_ref idref="oc-1ed"/>
      </symbol>
      <symbol id="sm-8ac">
         <name>__floatsidf</name>
         <value>0x100560d</value>
         <object_component_ref idref="oc-1ed"/>
      </symbol>
      <symbol id="sm-8b2">
         <name>__aeabi_memcpy</name>
         <value>0x10064a9</value>
         <object_component_ref idref="oc-3d"/>
      </symbol>
      <symbol id="sm-8b3">
         <name>__aeabi_memcpy4</name>
         <value>0x10064a9</value>
         <object_component_ref idref="oc-3d"/>
      </symbol>
      <symbol id="sm-8b4">
         <name>__aeabi_memcpy8</name>
         <value>0x10064a9</value>
         <object_component_ref idref="oc-3d"/>
      </symbol>
      <symbol id="sm-8bd">
         <name>__aeabi_memset</name>
         <value>0x1006409</value>
         <object_component_ref idref="oc-30c"/>
      </symbol>
      <symbol id="sm-8be">
         <name>__aeabi_memset4</name>
         <value>0x1006409</value>
         <object_component_ref idref="oc-30c"/>
      </symbol>
      <symbol id="sm-8bf">
         <name>__aeabi_memset8</name>
         <value>0x1006409</value>
         <object_component_ref idref="oc-30c"/>
      </symbol>
      <symbol id="sm-8c0">
         <name>__aeabi_memclr</name>
         <value>0x100644d</value>
         <object_component_ref idref="oc-68"/>
      </symbol>
      <symbol id="sm-8c1">
         <name>__aeabi_memclr4</name>
         <value>0x100644d</value>
         <object_component_ref idref="oc-68"/>
      </symbol>
      <symbol id="sm-8c2">
         <name>__aeabi_memclr8</name>
         <value>0x100644d</value>
         <object_component_ref idref="oc-68"/>
      </symbol>
      <symbol id="sm-8c8">
         <name>__aeabi_uldivmod</name>
         <value>0x1006019</value>
         <object_component_ref idref="oc-20b"/>
      </symbol>
      <symbol id="sm-8ce">
         <name>__udivmoddi4</name>
         <value>0x100313d</value>
         <object_component_ref idref="oc-290"/>
      </symbol>
      <symbol id="sm-8d9">
         <name>__aeabi_ldiv0</name>
         <value>0x1004013</value>
         <object_component_ref idref="oc-32b"/>
      </symbol>
      <symbol id="sm-8e2">
         <name>TI_memcpy_small</name>
         <value>0x100612f</value>
         <object_component_ref idref="oc-82"/>
      </symbol>
      <symbol id="sm-8ea">
         <name>TI_memset_small</name>
         <value>0x10062e3</value>
         <object_component_ref idref="oc-9f"/>
      </symbol>
      <symbol id="sm-8eb">
         <name>__TI_static_base__</name>
         <value>0x1006be0</value>
      </symbol>
      <symbol id="sm-8ee">
         <name>ITM_flush</name>
         <value>0x0</value>
      </symbol>
      <symbol id="sm-8ef">
         <name>ITM_restore</name>
         <value>0x0</value>
      </symbol>
      <symbol id="sm-8f0">
         <name>__mpu_init</name>
         <value>0x0</value>
      </symbol>
      <symbol id="sm-8f1">
         <name>_system_post_cinit</name>
         <value>0x0</value>
      </symbol>
   </symbol_table>
   <title>Link successful</title>
</link_info>
